Component: ARM Compiler 5.06 update 6 (build 750) Tool: armlink [4d35ed]

==============================================================================

Section Cross References

    startup_stm32f40_41xxx.o(RESET) refers to startup_stm32f40_41xxx.o(STACK) for __initial_sp
    startup_stm32f40_41xxx.o(RESET) refers to startup_stm32f40_41xxx.o(.text) for Reset_Handler
    startup_stm32f40_41xxx.o(RESET) refers to stm32f4xx_it.o(i.NMI_Handler) for NMI_Handler
    startup_stm32f40_41xxx.o(RESET) refers to stm32f4xx_it.o(i.HardFault_Handler) for HardFault_Handler
    startup_stm32f40_41xxx.o(RESET) refers to stm32f4xx_it.o(i.MemManage_Handler) for MemManage_Handler
    startup_stm32f40_41xxx.o(RESET) refers to stm32f4xx_it.o(i.BusFault_Handler) for BusFault_Handler
    startup_stm32f40_41xxx.o(RESET) refers to stm32f4xx_it.o(i.UsageFault_Handler) for UsageFault_Handler
    startup_stm32f40_41xxx.o(RESET) refers to stm32f4xx_it.o(i.SVC_Handler) for SVC_Handler
    startup_stm32f40_41xxx.o(RESET) refers to stm32f4xx_it.o(i.DebugMon_Handler) for DebugMon_Handler
    startup_stm32f40_41xxx.o(RESET) refers to stm32f4xx_it.o(i.PendSV_Handler) for PendSV_Handler
    startup_stm32f40_41xxx.o(RESET) refers to main.o(i.SysTick_Handler) for SysTick_Handler
    startup_stm32f40_41xxx.o(RESET) refers to usart3.o(i.DMA1_Stream1_IRQHandler) for DMA1_Stream1_IRQHandler
    startup_stm32f40_41xxx.o(RESET) refers to usart3.o(i.DMA1_Stream3_IRQHandler) for DMA1_Stream3_IRQHandler
    startup_stm32f40_41xxx.o(RESET) refers to can1.o(i.CAN1_TX_IRQHandler) for CAN1_TX_IRQHandler
    startup_stm32f40_41xxx.o(RESET) refers to can1.o(i.CAN1_RX0_IRQHandler) for CAN1_RX0_IRQHandler
    startup_stm32f40_41xxx.o(RESET) refers to led.o(i.TIM2_IRQHandler) for TIM2_IRQHandler
    startup_stm32f40_41xxx.o(RESET) refers to usart3.o(i.USART3_IRQHandler) for USART3_IRQHandler
    startup_stm32f40_41xxx.o(RESET) refers to uart5.o(i.UART5_IRQHandler) for UART5_IRQHandler
    startup_stm32f40_41xxx.o(RESET) refers to delay.o(i.TIM6_DAC_IRQHandler) for TIM6_DAC_IRQHandler
    startup_stm32f40_41xxx.o(RESET) refers to delay.o(i.TIM7_IRQHandler) for TIM7_IRQHandler
    startup_stm32f40_41xxx.o(RESET) refers to can2.o(i.CAN2_TX_IRQHandler) for CAN2_TX_IRQHandler
    startup_stm32f40_41xxx.o(RESET) refers to can2.o(i.CAN2_RX0_IRQHandler) for CAN2_RX0_IRQHandler
    startup_stm32f40_41xxx.o(.text) refers to system_stm32f4xx.o(i.SystemInit) for SystemInit
    startup_stm32f40_41xxx.o(.text) refers to entry.o(.ARM.Collect$$$$00000000) for __main
    main.o(i.SysTick_Handler) refers to state.o(i.offline_detect) for offline_detect
    main.o(i.SysTick_Handler) refers to stm32f4xx_tim.o(i.TIM_Cmd) for TIM_Cmd
    main.o(i.SysTick_Handler) refers to stm32f4xx_gpio.o(i.GPIO_SetBits) for GPIO_SetBits
    main.o(i.SysTick_Handler) refers to state.o(i.switch_mode) for switch_mode
    main.o(i.SysTick_Handler) refers to chassis_task.o(i.chassis_cal) for chassis_cal
    main.o(i.SysTick_Handler) refers to track_task.o(i.track_cal) for track_cal
    main.o(i.SysTick_Handler) refers to solenoid_task.o(i.solenoid_action) for solenoid_action
    main.o(i.SysTick_Handler) refers to landing_task.o(i.landing_action) for landing_action
    main.o(i.SysTick_Handler) refers to chassis_task.o(i.chassis_power_off) for chassis_power_off
    main.o(i.SysTick_Handler) refers to uart5.o(i.key_refresh) for key_refresh
    main.o(i.SysTick_Handler) refers to usart3.o(i.return_state) for return_state
    main.o(i.SysTick_Handler) refers to main.o(.data) for ms50
    main.o(i.SysTick_Handler) refers to main.o(.bss) for g_flag
    main.o(i.System_Configration) refers to misc.o(i.NVIC_PriorityGroupConfig) for NVIC_PriorityGroupConfig
    main.o(i.System_Configration) refers to led.o(i.TIM2_Configration) for TIM2_Configration
    main.o(i.System_Configration) refers to delay.o(i.TIM6_Configration) for TIM6_Configration
    main.o(i.System_Configration) refers to delay.o(i.TIM7_Configration) for TIM7_Configration
    main.o(i.System_Configration) refers to can1.o(i.CAN1_Configration) for CAN1_Configration
    main.o(i.System_Configration) refers to can2.o(i.CAN2_Configration) for CAN2_Configration
    main.o(i.System_Configration) refers to usart3.o(i.USART3_Configuration) for USART3_Configuration
    main.o(i.System_Configration) refers to uart5.o(i.UART5_Configuration) for UART5_Configuration
    main.o(i.System_Configration) refers to uart5.o(i.rc_reset) for rc_reset
    main.o(i.System_Configration) refers to delay.o(i.delay_ms) for delay_ms
    main.o(i.System_Configration) refers to led.o(i.LED_Configration) for LED_Configration
    main.o(i.main) refers to main.o(i.System_Configration) for System_Configration
    system_stm32f4xx.o(i.SystemCoreClockUpdate) refers to system_stm32f4xx.o(.data) for SystemCoreClock
    system_stm32f4xx.o(i.SystemInit) refers to system_stm32f4xx.o(i.SetSysClock) for SetSysClock
[...]
    uart5.o(i.UART5_IRQHandler) refers to uart5.o(i.remote_receive) for remote_receive
    uart5.o(i.UART5_IRQHandler) refers to stm32f4xx_dma.o(i.DMA_SetCurrDataCounter) for DMA_SetCurrDataCounter
    uart5.o(i.UART5_IRQHandler) refers to uart5.o(.data) for DATA_LENGTH
    uart5.o(i.UART5_IRQHandler) refers to uart5.o(.bss) for sbus_rx_buffer
    uart5.o(i.UART5_IRQHandler) refers to main.o(.bss) for g_flag
    uart5.o(i.key_refresh) refers to uart5.o(.bss) for rc_ctrl
    uart5.o(i.rc_reset) refers to uart5.o(.bss) for rc_ctrl
    uart5.o(i.remote_receive) refers to uart5.o(.bss) for rc_ctrl
    led.o(i.LED_Configration) refers to stm32f4xx_rcc.o(i.RCC_AHB1PeriphClockCmd) for RCC_AHB1PeriphClockCmd
    led.o(i.LED_Configration) refers to stm32f4xx_gpio.o(i.GPIO_Init) for GPIO_Init
    led.o(i.LED_Configration) refers to stm32f4xx_gpio.o(i.GPIO_ResetBits) for GPIO_ResetBits
    led.o(i.LED_Configration) refers to stm32f4xx_gpio.o(i.GPIO_SetBits) for GPIO_SetBits
    led.o(i.TIM2_Configration) refers to stm32f4xx_rcc.o(i.RCC_APB1PeriphClockCmd) for RCC_APB1PeriphClockCmd
    led.o(i.TIM2_Configration) refers to misc.o(i.NVIC_Init) for NVIC_Init
    led.o(i.TIM2_Configration) refers to stm32f4xx_tim.o(i.TIM_TimeBaseInit) for TIM_TimeBaseInit
    led.o(i.TIM2_Configration) refers to stm32f4xx_tim.o(i.TIM_ITConfig) for TIM_ITConfig
    led.o(i.TIM2_Configration) refers to stm32f4xx_tim.o(i.TIM_Cmd) for TIM_Cmd
    led.o(i.TIM2_IRQHandler) refers to stm32f4xx_tim.o(i.TIM_GetITStatus) for TIM_GetITStatus
    led.o(i.TIM2_IRQHandler) refers to stm32f4xx_gpio.o(i.GPIO_ToggleBits) for GPIO_ToggleBits
    led.o(i.TIM2_IRQHandler) refers to stm32f4xx_gpio.o(i.GPIO_SetBits) for GPIO_SetBits
    led.o(i.TIM2_IRQHandler) refers to stm32f4xx_tim.o(i.TIM_ClearITPendingBit) for TIM_ClearITPendingBit
    led.o(i.TIM2_IRQHandler) refers to main.o(.data) for cur_error_num
    led.o(i.TIM2_IRQHandler) refers to led.o(.data) for led_cnt
    delay.o(i.TIM6_Configration) refers to stm32f4xx_rcc.o(i.RCC_APB1PeriphClockCmd) for RCC_APB1PeriphClockCmd
    delay.o(i.TIM6_Configration) refers to stm32f4xx_tim.o(i.TIM_TimeBaseInit) for TIM_TimeBaseInit
    delay.o(i.TIM6_Configration) refers to stm32f4xx_tim.o(i.TIM_ITConfig) for TIM_ITConfig
    delay.o(i.TIM6_Configration) refers to stm32f4xx_tim.o(i.TIM_Cmd) for TIM_Cmd
    delay.o(i.TIM6_Configration) refers to misc.o(i.NVIC_Init) for NVIC_Init
    delay.o(i.TIM6_DAC_IRQHandler) refers to stm32f4xx_tim.o(i.TIM_GetITStatus) for TIM_GetITStatus
    delay.o(i.TIM6_DAC_IRQHandler) refers to stm32f4xx_tim.o(i.TIM_ClearITPendingBit) for TIM_ClearITPendingBit
    delay.o(i.TIM6_DAC_IRQHandler) refers to delay.o(.data) for delayus_cnt
    delay.o(i.TIM7_Configration) refers to stm32f4xx_rcc.o(i.RCC_APB1PeriphClockCmd) for RCC_APB1PeriphClockCmd
    delay.o(i.TIM7_Configration) refers to stm32f4xx_tim.o(i.TIM_TimeBaseInit) for TIM_TimeBaseInit
    delay.o(i.TIM7_Configration) refers to stm32f4xx_tim.o(i.TIM_ITConfig) for TIM_ITConfig
    delay.o(i.TIM7_Configration) refers to stm32f4xx_tim.o(i.TIM_Cmd) for TIM_Cmd
    delay.o(i.TIM7_Configration) refers to misc.o(i.NVIC_Init) for NVIC_Init
    delay.o(i.TIM7_IRQHandler) refers to stm32f4xx_tim.o(i.TIM_GetITStatus) for TIM_GetITStatus
    delay.o(i.TIM7_IRQHandler) refers to stm32f4xx_tim.o(i.TIM_ClearITPendingBit) for TIM_ClearITPendingBit
    delay.o(i.TIM7_IRQHandler) refers to delay.o(.data) for delayms_cnt
    delay.o(i.delay_ms) refers to stm32f4xx_tim.o(i.TIM_Cmd) for TIM_Cmd
    delay.o(i.delay_ms) refers to delay.o(.data) for delayms_cnt
    delay.o(i.delay_us) refers to stm32f4xx_tim.o(i.TIM_Cmd) for TIM_Cmd
    delay.o(i.delay_us) refers to delay.o(.data) for delayus_cnt
    state.o(i.offline_detect) refers to uart5.o(i.UART5_Configuration) for UART5_Configuration
    state.o(i.offline_detect) refers to main.o(.bss) for g_flag
    state.o(i.switch_mode) refers to uart5.o(.bss) for rc_ctrl
    state.o(i.switch_mode) refers to main.o(.bss) for g_flag
    state.o(i.switch_mode) refers to can2.o(.data) for yaw_angle
    state.o(i.switch_mode) refers to chassis_task.o(.bss) for chassis_pos_follow_pid
    chassis_task.o(i.chassis_cal) refers to pid.o(i.PID_Calc) for PID_Calc
    chassis_task.o(i.chassis_cal) refers to chassis_task.o(i.chassis_task) for chassis_task
    chassis_task.o(i.chassis_cal) refers to main.o(.bss) for g_flag
    chassis_task.o(i.chassis_cal) refers to uart5.o(.bss) for rc_ctrl
    chassis_task.o(i.chassis_cal) refers to chassis_task.o(.data) for vx
    chassis_task.o(i.chassis_cal) refers to chassis_task.o(.bss) for chassis_pos_follow_pid
    chassis_task.o(i.chassis_cal) refers to can2.o(.data) for yaw_angle
    chassis_task.o(i.chassis_power_off) refers to can1.o(i.chassis_current_send) for chassis_current_send
    chassis_task.o(i.chassis_task) refers to pid.o(i.PID_Calc) for PID_Calc
    chassis_task.o(i.chassis_task) refers to can1.o(i.chassis_current_send) for chassis_current_send
    chassis_task.o(i.chassis_task) refers to chassis_task.o(.bss) for chassis_vel_pid
    chassis_task.o(i.chassis_task) refers to can1.o(.bss) for chassis_motor
    chassis_task.o(i.chassis_vel_pid_init) refers to chassis_task.o(.bss) for chassis_vel_pid
    track_task.o(i.track_cal) refers to pid.o(i.PID_Calc) for PID_Calc
    track_task.o(i.track_cal) refers to can1.o(i.track_current_send) for track_current_send
    track_task.o(i.track_cal) refers to main.o(.bss) for g_flag
    track_task.o(i.track_cal) refers to uart5.o(.bss) for rc_ctrl
    track_task.o(i.track_cal) refers to track_task.o(.data) for track_on_flag
    track_task.o(i.track_cal) refers to track_task.o(.bss) for track_vel_pid
    track_task.o(i.track_cal) refers to can1.o(.bss) for track_motor
    track_task.o(i.track_power_off) refers to can1.o(i.track_current_send) for track_current_send
    track_task.o(i.track_vel_pid_init) refers to track_task.o(.bss) for track_vel_pid
    solenoid_task.o(i.solenoid_action) refers to main.o(.bss) for g_flag
    solenoid_task.o(i.solenoid_action) refers to uart5.o(.bss) for rc_ctrl
    solenoid_task.o(i.solenoid_config) refers to stm32f4xx_rcc.o(i.RCC_AHB1PeriphClockCmd) for RCC_AHB1PeriphClockCmd
    solenoid_task.o(i.solenoid_config) refers to stm32f4xx_gpio.o(i.GPIO_Init) for GPIO_Init
    entry.o(.ARM.Collect$$$$00000000) refers (Special) to entry10a.o(.ARM.Collect$$$$0000000D) for __rt_final_cpp
    entry.o(.ARM.Collect$$$$00000000) refers (Special) to entry11a.o(.ARM.Collect$$$$0000000F) for __rt_final_exit
    entry.o(.ARM.Collect$$$$00000000) refers (Special) to entry7b.o(.ARM.Collect$$$$00000008) for _main_clock
    entry.o(.ARM.Collect$$$$00000000) refers (Special) to entry8b.o(.ARM.Collect$$$$0000000A) for _main_cpp_init
    entry.o(.ARM.Collect$$$$00000000) refers (Special) to entry9a.o(.ARM.Collect$$$$0000000B) for _main_init
    entry.o(.ARM.Collect$$$$00000000) refers (Special) to entry5.o(.ARM.Collect$$$$00000004) for _main_scatterload
    entry.o(.ARM.Collect$$$$00000000) refers (Special) to entry2.o(.ARM.Collect$$$$00000001) for _main_stk
    entry2.o(.ARM.Collect$$$$00000001) refers to entry2.o(.ARM.Collect$$$$00002712) for __lit__00000000
    entry2.o(.ARM.Collect$$$$00002712) refers to startup_stm32f40_41xxx.o(STACK) for __initial_sp
    entry2.o(__vectab_stack_and_reset_area) refers to startup_stm32f40_41xxx.o(STACK) for __initial_sp
    entry2.o(__vectab_stack_and_reset_area) refers to entry.o(.ARM.Collect$$$$00000000) for __main
    entry5.o(.ARM.Collect$$$$00000004) refers to init.o(.text) for __scatterload
    entry9a.o(.ARM.Collect$$$$0000000B) refers to main.o(i.main) for main
    entry9b.o(.ARM.Collect$$$$0000000C) refers to main.o(i.main) for main
    init.o(.text) refers to entry5.o(.ARM.Collect$$$$00000004) for __main_after_scatterload


==============================================================================

Removing Unused input sections from the image.

    Removing startup_stm32f40_41xxx.o(HEAP), (512 bytes).
    Removing main.o(.rev16_text), (4 bytes).
    Removing main.o(.revsh_text), (4 bytes).
    Removing main.o(.rrx_text), (6 bytes).
    Removing stm32f4xx_it.o(.rev16_text), (4 bytes).
    Removing stm32f4xx_it.o(.revsh_text), (4 bytes).
    Removing stm32f4xx_it.o(.rrx_text), (6 bytes).
    Removing system_stm32f4xx.o(.rev16_text), (4 bytes).
    Removing system_stm32f4xx.o(.revsh_text), (4 bytes).
    Removing system_stm32f4xx.o(.rrx_text), (6 bytes).
    Removing system_stm32f4xx.o(i.SystemCoreClockUpdate), (192 bytes).
    Removing system_stm32f4xx.o(.data), (20 bytes).
    Removing stm32f4xx_syscfg.o(.rev16_text), (4 bytes).
    Removing stm32f4xx_syscfg.o(.revsh_text), (4 bytes).
    Removing stm32f4xx_syscfg.o(.rrx_text), (6 bytes).
    Removing stm32f4xx_syscfg.o(i.SYSCFG_CompensationCellCmd), (12 bytes).
    Removing stm32f4xx_syscfg.o(i.SYSCFG_DeInit), (22 bytes).
    Removing stm32f4xx_syscfg.o(i.SYSCFG_ETH_MediaInterfaceConfig), (12 bytes).
    Removing stm32f4xx_syscfg.o(i.SYSCFG_EXTILineConfig), (64 bytes).
    Removing stm32f4xx_syscfg.o(i.SYSCFG_GetCompensationCellStatus), (24 bytes).
    Removing stm32f4xx_syscfg.o(i.SYSCFG_MemoryRemapConfig), (12 bytes).
    Removing stm32f4xx_syscfg.o(i.SYSCFG_MemorySwappingBank), (12 bytes).
    Removing misc.o(.rev16_text), (4 bytes).
    Removing misc.o(.revsh_text), (4 bytes).
    Removing misc.o(.rrx_text), (6 bytes).
    Removing misc.o(i.NVIC_SetVectorTable), (20 bytes).
    Removing misc.o(i.NVIC_SystemLPConfig), (32 bytes).
    Removing misc.o(i.SysTick_CLKSourceConfig), (40 bytes).
    Removing stm32f4xx_gpio.o(.rev16_text), (4 bytes).
    Removing stm32f4xx_gpio.o(.revsh_text), (4 bytes).
    Removing stm32f4xx_gpio.o(.rrx_text), (6 bytes).
    Removing stm32f4xx_gpio.o(i.GPIO_DeInit), (312 bytes).
    Removing stm32f4xx_gpio.o(i.GPIO_PinLockConfig), (34 bytes).
    Removing stm32f4xx_gpio.o(i.GPIO_ReadInputData), (8 bytes).
    Removing stm32f4xx_gpio.o(i.GPIO_ReadInputDataBit), (18 bytes).
    Removing stm32f4xx_gpio.o(i.GPIO_ReadOutputData), (8 bytes).
    Removing stm32f4xx_gpio.o(i.GPIO_ReadOutputDataBit), (18 bytes).
    Removing stm32f4xx_gpio.o(i.GPIO_StructInit), (18 bytes).
    Removing stm32f4xx_gpio.o(i.GPIO_Write), (4 bytes).
    Removing stm32f4xx_gpio.o(i.GPIO_WriteBit), (10 bytes).
    Removing stm32f4xx_rcc.o(.rev16_text), (4 bytes).
    Removing stm32f4xx_rcc.o(.revsh_text), (4 bytes).
    Removing stm32f4xx_rcc.o(.rrx_text), (6 bytes).
    Removing stm32f4xx_rcc.o(i.RCC_AHB1PeriphClockLPModeCmd), (32 bytes).
    Removing stm32f4xx_rcc.o(i.RCC_AHB1PeriphResetCmd), (32 bytes).
    Removing stm32f4xx_rcc.o(i.RCC_AHB2PeriphClockCmd), (32 bytes).
    Removing stm32f4xx_rcc.o(i.RCC_AHB2PeriphClockLPModeCmd), (32 bytes).
    Removing stm32f4xx_rcc.o(i.RCC_AHB2PeriphResetCmd), (32 bytes).
    Removing stm32f4xx_rcc.o(i.RCC_AHB3PeriphClockCmd), (32 bytes).
    Removing stm32f4xx_rcc.o(i.RCC_AHB3PeriphClockLPModeCmd), (32 bytes).
    Removing stm32f4xx_rcc.o(i.RCC_AHB3PeriphResetCmd), (32 bytes).
    Removing stm32f4xx_rcc.o(i.RCC_APB1PeriphClockLPModeCmd), (32 bytes).
    Removing stm32f4xx_rcc.o(i.RCC_APB2PeriphClockCmd), (32 bytes).
    Removing stm32f4xx_rcc.o(i.RCC_APB2PeriphClockLPModeCmd), (32 bytes).
    Removing stm32f4xx_rcc.o(i.RCC_APB2PeriphResetCmd), (32 bytes).
    Removing stm32f4xx_rcc.o(i.RCC_AdjustHSICalibrationValue), (24 bytes).
    Removing stm32f4xx_rcc.o(i.RCC_BackupResetCmd), (12 bytes).
    Removing stm32f4xx_rcc.o(i.RCC_ClearFlag), (20 bytes).
    Removing stm32f4xx_rcc.o(i.RCC_ClearITPendingBit), (12 bytes).
    Removing stm32f4xx_rcc.o(i.RCC_ClockSecuritySystemCmd), (12 bytes).
    Removing stm32f4xx_rcc.o(i.RCC_DeInit), (100 bytes).
    Removing stm32f4xx_rcc.o(i.RCC_GetFlagStatus), (64 bytes).
    Removing stm32f4xx_rcc.o(i.RCC_GetITStatus), (24 bytes).
    Removing stm32f4xx_rcc.o(i.RCC_GetSYSCLKSource), (16 bytes).
    Removing stm32f4xx_rcc.o(i.RCC_HCLKConfig), (24 bytes).
    Removing stm32f4xx_rcc.o(i.RCC_HSEConfig), (16 bytes).
    Removing stm32f4xx_rcc.o(i.RCC_HSICmd), (12 bytes).
    Removing stm32f4xx_rcc.o(i.RCC_I2SCLKConfig), (12 bytes).
    Removing stm32f4xx_rcc.o(i.RCC_ITConfig), (32 bytes).
    Removing stm32f4xx_rcc.o(i.RCC_LSEConfig), (44 bytes).
    Removing stm32f4xx_rcc.o(i.RCC_LSEModeConfig), (36 bytes).
    Removing stm32f4xx_rcc.o(i.RCC_LSICmd), (12 bytes).
    Removing stm32f4xx_rcc.o(i.RCC_LTDCCLKDivConfig), (24 bytes).
    Removing stm32f4xx_rcc.o(i.RCC_MCO1Config), (28 bytes).
    Removing stm32f4xx_rcc.o(i.RCC_MCO2Config), (28 bytes).
    Removing stm32f4xx_rcc.o(i.RCC_PCLK1Config), (24 bytes).
    Removing stm32f4xx_rcc.o(i.RCC_PCLK2Config), (24 bytes).
    Removing stm32f4xx_rcc.o(i.RCC_PLLCmd), (12 bytes).
    Removing stm32f4xx_rcc.o(i.RCC_PLLConfig), (36 bytes).
    Removing stm32f4xx_rcc.o(i.RCC_PLLI2SCmd), (12 bytes).
    Removing stm32f4xx_rcc.o(i.RCC_PLLI2SConfig), (16 bytes).
    Removing stm32f4xx_rcc.o(i.RCC_PLLSAICmd), (12 bytes).
    Removing stm32f4xx_rcc.o(i.RCC_PLLSAIConfig), (24 bytes).
    Removing stm32f4xx_rcc.o(i.RCC_RTCCLKCmd), (12 bytes).
    Removing stm32f4xx_rcc.o(i.RCC_RTCCLKConfig), (60 bytes).
    Removing stm32f4xx_rcc.o(i.RCC_SAIBlockACLKConfig), (24 bytes).
    Removing stm32f4xx_rcc.o(i.RCC_SAIBlockBCLKConfig), (24 bytes).
    Removing stm32f4xx_rcc.o(i.RCC_SAIPLLI2SClkDivConfig), (28 bytes).
    Removing stm32f4xx_rcc.o(i.RCC_SAIPLLSAIClkDivConfig), (28 bytes).
    Removing stm32f4xx_rcc.o(i.RCC_SYSCLKConfig), (24 bytes).
    Removing stm32f4xx_rcc.o(i.RCC_TIMCLKPresConfig), (12 bytes).
    Removing stm32f4xx_rcc.o(i.RCC_WaitForHSEStartUp), (56 bytes).
    Removing stm32f4xx_can.o(.rev16_text), (4 bytes).
    Removing stm32f4xx_can.o(.revsh_text), (4 bytes).
    Removing stm32f4xx_can.o(.rrx_text), (6 bytes).
    Removing stm32f4xx_can.o(i.CAN_CancelTransmit), (48 bytes).
    Removing stm32f4xx_can.o(i.CAN_ClearFlag), (56 bytes).
    Removing stm32f4xx_can.o(i.CAN_DBGFreeze), (22 bytes).
    Removing stm32f4xx_can.o(i.CAN_FIFORelease), (22 bytes).
    Removing stm32f4xx_can.o(i.CAN_GetFlagStatus), (120 bytes).
    Removing stm32f4xx_can.o(i.CAN_GetLSBTransmitErrorCounter), (12 bytes).
    Removing stm32f4xx_can.o(i.CAN_GetLastErrorCode), (12 bytes).
    Removing stm32f4xx_can.o(i.CAN_GetReceiveErrorCounter), (10 bytes).
    Removing stm32f4xx_can.o(i.CAN_MessagePending), (30 bytes).
    Removing stm32f4xx_can.o(i.CAN_OperatingModeRequest), (162 bytes).
    Removing stm32f4xx_can.o(i.CAN_SlaveStartBank), (52 bytes).
    Removing stm32f4xx_can.o(i.CAN_Sleep), (30 bytes).
    Removing stm32f4xx_can.o(i.CAN_TTComModeCmd), (118 bytes).
    Removing stm32f4xx_can.o(i.CAN_TransmitStatus), (160 bytes).
    Removing stm32f4xx_can.o(i.CAN_WakeUp), (48 bytes).
    Removing stm32f4xx_dma.o(.rev16_text), (4 bytes).
    Removing stm32f4xx_dma.o(.revsh_text), (4 bytes).
    Removing stm32f4xx_dma.o(.rrx_text), (6 bytes).
    Removing stm32f4xx_dma.o(i.DMA_DoubleBufferModeCmd), (22 bytes).
    Removing stm32f4xx_dma.o(i.DMA_DoubleBufferModeConfig), (24 bytes).
    Removing stm32f4xx_dma.o(i.DMA_FlowControllerConfig), (22 bytes).
    Removing stm32f4xx_dma.o(i.DMA_GetCmdStatus), (20 bytes).
    Removing stm32f4xx_dma.o(i.DMA_GetCurrentMemoryTarget), (20 bytes).
    Removing stm32f4xx_dma.o(i.DMA_GetFIFOStatus), (12 bytes).
    Removing stm32f4xx_dma.o(i.DMA_GetFlagStatus), (68 bytes).
    Removing stm32f4xx_dma.o(i.DMA_MemoryTargetConfig), (10 bytes).
    Removing stm32f4xx_dma.o(i.DMA_PeriphIncOffsetSizeConfig), (22 bytes).
    Removing stm32f4xx_dma.o(i.DMA_StructInit), (34 bytes).
    Removing stm32f4xx_tim.o(.rev16_text), (4 bytes).
    Removing stm32f4xx_tim.o(.revsh_text), (4 bytes).
    Removing stm32f4xx_tim.o(.rrx_text), (6 bytes).
    Removing stm32f4xx_tim.o(i.TI1_Config), (58 bytes).
    Removing stm32f4xx_tim.o(i.TI2_Config), (80 bytes).
    Removing stm32f4xx_tim.o(i.TI3_Config), (72 bytes).
    Removing stm32f4xx_tim.o(i.TI4_Config), (80 bytes).
    Removing stm32f4xx_tim.o(i.TIM_ARRPreloadConfig), (24 bytes).
    Removing stm32f4xx_tim.o(i.TIM_BDTRConfig), (32 bytes).
    Removing stm32f4xx_tim.o(i.TIM_BDTRStructInit), (18 bytes).
    Removing stm32f4xx_tim.o(i.TIM_CCPreloadControl), (24 bytes).
    Removing stm32f4xx_tim.o(i.TIM_CCxCmd), (30 bytes).
    Removing stm32f4xx_tim.o(i.TIM_CCxNCmd), (30 bytes).
    Removing stm32f4xx_tim.o(i.TIM_ClearFlag), (6 bytes).
    Removing stm32f4xx_tim.o(i.TIM_ClearOC1Ref), (18 bytes).
    Removing stm32f4xx_tim.o(i.TIM_ClearOC2Ref), (24 bytes).
    Removing stm32f4xx_tim.o(i.TIM_ClearOC3Ref), (18 bytes).
    Removing stm32f4xx_tim.o(i.TIM_ClearOC4Ref), (24 bytes).
    Removing stm32f4xx_tim.o(i.TIM_CounterModeConfig), (18 bytes).
    Removing stm32f4xx_tim.o(i.TIM_CtrlPWMOutputs), (30 bytes).
    Removing stm32f4xx_tim.o(i.TIM_DMACmd), (18 bytes).
    Removing stm32f4xx_tim.o(i.TIM_DMAConfig), (10 bytes).
    Removing stm32f4xx_tim.o(i.TIM_DeInit), (400 bytes).
    Removing stm32f4xx_tim.o(i.TIM_ETRClockMode1Config), (54 bytes).
    Removing stm32f4xx_tim.o(i.TIM_ETRClockMode2Config), (32 bytes).
    Removing stm32f4xx_tim.o(i.TIM_ETRConfig), (28 bytes).
    Removing stm32f4xx_tim.o(i.TIM_EncoderInterfaceConfig), (66 bytes).
    Removing stm32f4xx_tim.o(i.TIM_ForcedOC1Config), (18 bytes).
    Removing stm32f4xx_tim.o(i.TIM_ForcedOC2Config), (26 bytes).
    Removing stm32f4xx_tim.o(i.TIM_ForcedOC3Config), (18 bytes).
    Removing stm32f4xx_tim.o(i.TIM_ForcedOC4Config), (26 bytes).
    Removing stm32f4xx_tim.o(i.TIM_GenerateEvent), (4 bytes).
    Removing stm32f4xx_tim.o(i.TIM_GetCapture1), (6 bytes).
    Removing stm32f4xx_tim.o(i.TIM_GetCapture2), (6 bytes).
    Removing stm32f4xx_tim.o(i.TIM_GetCapture3), (6 bytes).
    Removing stm32f4xx_tim.o(i.TIM_GetCapture4), (6 bytes).
    Removing stm32f4xx_tim.o(i.TIM_GetCounter), (6 bytes).
    Removing stm32f4xx_tim.o(i.TIM_GetFlagStatus), (18 bytes).
    Removing stm32f4xx_tim.o(i.TIM_GetPrescaler), (6 bytes).
    Removing stm32f4xx_tim.o(i.TIM_ICInit), (110 bytes).
    Removing stm32f4xx_tim.o(i.TIM_ICStructInit), (18 bytes).
    Removing stm32f4xx_tim.o(i.TIM_ITRxExternalClockConfig), (24 bytes).
    Removing stm32f4xx_tim.o(i.TIM_InternalClockConfig), (12 bytes).
    Removing stm32f4xx_tim.o(i.TIM_OC1FastConfig), (18 bytes).
    Removing stm32f4xx_tim.o(i.TIM_OC1Init), (124 bytes).
    Removing stm32f4xx_tim.o(i.TIM_OC1NPolarityConfig), (18 bytes).
    Removing stm32f4xx_tim.o(i.TIM_OC1PolarityConfig), (18 bytes).
    Removing stm32f4xx_tim.o(i.TIM_OC1PreloadConfig), (18 bytes).
    Removing stm32f4xx_tim.o(i.TIM_OC2FastConfig), (26 bytes).
    Removing stm32f4xx_tim.o(i.TIM_OC2Init), (164 bytes).
    Removing stm32f4xx_tim.o(i.TIM_OC2NPolarityConfig), (26 bytes).
    Removing stm32f4xx_tim.o(i.TIM_OC2PolarityConfig), (26 bytes).
    Removing stm32f4xx_tim.o(i.TIM_OC2PreloadConfig), (26 bytes).
    Removing stm32f4xx_tim.o(i.TIM_OC3FastConfig), (18 bytes).
    Removing stm32f4xx_tim.o(i.TIM_OC3Init), (160 bytes).
    Removing stm32f4xx_tim.o(i.TIM_OC3NPolarityConfig), (26 bytes).
    Removing stm32f4xx_tim.o(i.TIM_OC3PolarityConfig), (26 bytes).
    Removing stm32f4xx_tim.o(i.TIM_OC3PreloadConfig), (18 bytes).
    Removing stm32f4xx_tim.o(i.TIM_OC4FastConfig), (26 bytes).
    Removing stm32f4xx_tim.o(i.TIM_OC4Init), (120 bytes).
    Removing stm32f4xx_tim.o(i.TIM_OC4PolarityConfig), (26 bytes).
    Removing stm32f4xx_tim.o(i.TIM_OC4PreloadConfig), (26 bytes).
    Removing stm32f4xx_tim.o(i.TIM_OCStructInit), (20 bytes).
    Removing stm32f4xx_tim.o(i.TIM_PWMIConfig), (124 bytes).
    Removing stm32f4xx_tim.o(i.TIM_PrescalerConfig), (6 bytes).
    Removing stm32f4xx_tim.o(i.TIM_RemapConfig), (6 bytes).
    Removing stm32f4xx_tim.o(i.TIM_SelectCCDMA), (24 bytes).
    Removing stm32f4xx_tim.o(i.TIM_SelectCOM), (24 bytes).
    Removing stm32f4xx_tim.o(i.TIM_SelectHallSensor), (24 bytes).
    Removing stm32f4xx_tim.o(i.TIM_SelectInputTrigger), (18 bytes).
    Removing stm32f4xx_tim.o(i.TIM_SelectMasterSlaveMode), (18 bytes).
    Removing stm32f4xx_tim.o(i.TIM_SelectOCxM), (86 bytes).
    Removing stm32f4xx_tim.o(i.TIM_SelectOnePulseMode), (18 bytes).
    Removing stm32f4xx_tim.o(i.TIM_SelectOutputTrigger), (18 bytes).
    Removing stm32f4xx_tim.o(i.TIM_SelectSlaveMode), (18 bytes).
    Removing stm32f4xx_tim.o(i.TIM_SetAutoreload), (4 bytes).
    Removing stm32f4xx_tim.o(i.TIM_SetClockDivision), (18 bytes).
    Removing stm32f4xx_tim.o(i.TIM_SetCompare1), (4 bytes).
    Removing stm32f4xx_tim.o(i.TIM_SetCompare2), (4 bytes).
    Removing stm32f4xx_tim.o(i.TIM_SetCompare3), (4 bytes).
    Removing stm32f4xx_tim.o(i.TIM_SetCompare4), (4 bytes).
    Removing stm32f4xx_tim.o(i.TIM_SetCounter), (4 bytes).
    Removing stm32f4xx_tim.o(i.TIM_SetIC1Prescaler), (18 bytes).
    Removing stm32f4xx_tim.o(i.TIM_SetIC2Prescaler), (26 bytes).
    Removing stm32f4xx_tim.o(i.TIM_SetIC3Prescaler), (18 bytes).
    Removing stm32f4xx_tim.o(i.TIM_SetIC4Prescaler), (26 bytes).
    Removing stm32f4xx_tim.o(i.TIM_TIxExternalClockConfig), (62 bytes).
    Removing stm32f4xx_tim.o(i.TIM_TimeBaseStructInit), (18 bytes).
    Removing stm32f4xx_tim.o(i.TIM_UpdateDisableConfig), (24 bytes).
    Removing stm32f4xx_tim.o(i.TIM_UpdateRequestConfig), (24 bytes).
    Removing stm32f4xx_usart.o(.rev16_text), (4 bytes).
    Removing stm32f4xx_usart.o(.revsh_text), (4 bytes).
    Removing stm32f4xx_usart.o(.rrx_text), (6 bytes).
    Removing stm32f4xx_usart.o(i.USART_ClockInit), (32 bytes).
    Removing stm32f4xx_usart.o(i.USART_ClockStructInit), (12 bytes).
    Removing stm32f4xx_usart.o(i.USART_DeInit), (240 bytes).
    Removing stm32f4xx_usart.o(i.USART_GetFlagStatus), (26 bytes).
    Removing stm32f4xx_usart.o(i.USART_HalfDuplexCmd), (24 bytes).
    Removing stm32f4xx_usart.o(i.USART_IrDACmd), (24 bytes).
    Removing stm32f4xx_usart.o(i.USART_IrDAConfig), (18 bytes).
    Removing stm32f4xx_usart.o(i.USART_LINBreakDetectLengthConfig), (18 bytes).
    Removing stm32f4xx_usart.o(i.USART_LINCmd), (24 bytes).
    Removing stm32f4xx_usart.o(i.USART_OneBitMethodCmd), (24 bytes).
    Removing stm32f4xx_usart.o(i.USART_OverSampling8Cmd), (22 bytes).
    Removing stm32f4xx_usart.o(i.USART_ReceiveData), (10 bytes).
    Removing stm32f4xx_usart.o(i.USART_ReceiverWakeUpCmd), (24 bytes).
    Removing stm32f4xx_usart.o(i.USART_SendBreak), (10 bytes).
    Removing stm32f4xx_usart.o(i.USART_SendData), (8 bytes).
    Removing stm32f4xx_usart.o(i.USART_SetAddress), (18 bytes).
    Removing stm32f4xx_usart.o(i.USART_SetGuardTime), (16 bytes).
    Removing stm32f4xx_usart.o(i.USART_SetPrescaler), (16 bytes).
    Removing stm32f4xx_usart.o(i.USART_SmartCardCmd), (24 bytes).
    Removing stm32f4xx_usart.o(i.USART_SmartCardNACKCmd), (24 bytes).
    Removing stm32f4xx_usart.o(i.USART_StructInit), (24 bytes).
    Removing stm32f4xx_usart.o(i.USART_WakeUpConfig), (18 bytes).
    Removing stm32f4xx_adc.o(.rev16_text), (4 bytes).
    Removing stm32f4xx_adc.o(.revsh_text), (4 bytes).
    Removing stm32f4xx_adc.o(.rrx_text), (6 bytes).
    Removing stm32f4xx_adc.o(i.ADC_AnalogWatchdogCmd), (20 bytes).
    Removing stm32f4xx_adc.o(i.ADC_AnalogWatchdogSingleChannelConfig), (16 bytes).
    Removing stm32f4xx_adc.o(i.ADC_AnalogWatchdogThresholdsConfig), (6 bytes).
    Removing stm32f4xx_adc.o(i.ADC_AutoInjectedConvCmd), (22 bytes).
    Removing stm32f4xx_adc.o(i.ADC_ClearFlag), (6 bytes).
    Removing stm32f4xx_adc.o(i.ADC_ClearITPendingBit), (10 bytes).
    Removing stm32f4xx_adc.o(i.ADC_Cmd), (22 bytes).
    Removing stm32f4xx_adc.o(i.ADC_CommonInit), (48 bytes).
    Removing stm32f4xx_adc.o(i.ADC_CommonStructInit), (12 bytes).
    Removing stm32f4xx_adc.o(i.ADC_ContinuousModeCmd), (22 bytes).
    Removing stm32f4xx_adc.o(i.ADC_DMACmd), (22 bytes).
    Removing stm32f4xx_adc.o(i.ADC_DMARequestAfterLastTransferCmd), (22 bytes).
    Removing stm32f4xx_adc.o(i.ADC_DeInit), (22 bytes).
    Removing stm32f4xx_adc.o(i.ADC_DiscModeChannelCountConfig), (24 bytes).
    Removing stm32f4xx_adc.o(i.ADC_DiscModeCmd), (22 bytes).
    Removing stm32f4xx_adc.o(i.ADC_EOCOnEachRegularChannelCmd), (22 bytes).
    Removing stm32f4xx_adc.o(i.ADC_ExternalTrigInjectedConvConfig), (16 bytes).
    Removing stm32f4xx_adc.o(i.ADC_ExternalTrigInjectedConvEdgeConfig), (16 bytes).
    Removing stm32f4xx_adc.o(i.ADC_GetConversionValue), (8 bytes).
    Removing stm32f4xx_adc.o(i.ADC_GetFlagStatus), (18 bytes).
    Removing stm32f4xx_adc.o(i.ADC_GetITStatus), (38 bytes).
    Removing stm32f4xx_adc.o(i.ADC_GetInjectedConversionValue), (28 bytes).
    Removing stm32f4xx_adc.o(i.ADC_GetMultiModeConversionValue), (12 bytes).
    Removing stm32f4xx_adc.o(i.ADC_GetSoftwareStartConvStatus), (20 bytes).
    Removing stm32f4xx_adc.o(i.ADC_GetSoftwareStartInjectedConvCmdStatus), (20 bytes).
    Removing stm32f4xx_adc.o(i.ADC_ITConfig), (32 bytes).
    Removing stm32f4xx_adc.o(i.ADC_Init), (84 bytes).
    Removing stm32f4xx_adc.o(i.ADC_InjectedChannelConfig), (130 bytes).
    Removing stm32f4xx_adc.o(i.ADC_InjectedDiscModeCmd), (22 bytes).
    Removing stm32f4xx_adc.o(i.ADC_InjectedSequencerLengthConfig), (24 bytes).
    Removing stm32f4xx_adc.o(i.ADC_MultiModeDMARequestAfterLastTransferCmd), (44 bytes).
    Removing stm32f4xx_adc.o(i.ADC_RegularChannelConfig), (184 bytes).
    Removing stm32f4xx_adc.o(i.ADC_SetInjectedOffset), (20 bytes).
    Removing stm32f4xx_adc.o(i.ADC_SoftwareStartConv), (10 bytes).
    Removing stm32f4xx_adc.o(i.ADC_SoftwareStartInjectedConv), (10 bytes).
    Removing stm32f4xx_adc.o(i.ADC_StructInit), (20 bytes).
    Removing stm32f4xx_adc.o(i.ADC_TempSensorVrefintCmd), (44 bytes).
    Removing stm32f4xx_adc.o(i.ADC_VBATCmd), (44 bytes).
    Removing algorithmofcrc.o(.rev16_text), (4 bytes).
    Removing algorithmofcrc.o(.revsh_text), (4 bytes).
    Removing algorithmofcrc.o(.rrx_text), (6 bytes).
    Removing algorithmofcrc.o(i.Append_CRC16_Check_Sum), (48 bytes).
    Removing algorithmofcrc.o(i.Append_CRC8_Check_Sum), (36 bytes).
    Removing can1.o(.rev16_text), (4 bytes).
    Removing can1.o(.revsh_text), (4 bytes).
    Removing can1.o(.rrx_text), (6 bytes).
    Removing can2.o(.rev16_text), (4 bytes).
    Removing can2.o(.revsh_text), (4 bytes).
    Removing can2.o(.rrx_text), (6 bytes).
    Removing can2.o(i.can2_current_send), (188 bytes).
    Removing usart3.o(.rev16_text), (4 bytes).
    Removing usart3.o(.revsh_text), (4 bytes).
    Removing usart3.o(.rrx_text), (6 bytes).
    Removing usart3.o(i.judge_send_fill), (204 bytes).
    Removing uart5.o(.rev16_text), (4 bytes).
    Removing uart5.o(.revsh_text), (4 bytes).
    Removing uart5.o(.rrx_text), (6 bytes).
    Removing led.o(.rev16_text), (4 bytes).
    Removing led.o(.revsh_text), (4 bytes).
    Removing led.o(.rrx_text), (6 bytes).
    Removing pid.o(.rev16_text), (4 bytes).
    Removing pid.o(.revsh_text), (4 bytes).
    Removing pid.o(.rrx_text), (6 bytes).
    Removing float2byte.o(i.float2byte), (28 bytes).
    Removing delay.o(.rev16_text), (4 bytes).
    Removing delay.o(.revsh_text), (4 bytes).
    Removing delay.o(.rrx_text), (6 bytes).
    Removing delay.o(i.delay_us), (44 bytes).
    Removing state.o(.rev16_text), (4 bytes).
    Removing state.o(.revsh_text), (4 bytes).
    Removing state.o(.rrx_text), (6 bytes).
    Removing chassis_task.o(.rev16_text), (4 bytes).
    Removing chassis_task.o(.revsh_text), (4 bytes).
    Removing chassis_task.o(.rrx_text), (6 bytes).
    Removing chassis_task.o(i.chassis_vel_pid_init), (88 bytes).
    Removing track_task.o(.rev16_text), (4 bytes).
    Removing track_task.o(.revsh_text), (4 bytes).
    Removing track_task.o(.rrx_text), (6 bytes).
    Removing track_task.o(i.track_power_off), (12 bytes).
    Removing track_task.o(i.track_vel_pid_init), (88 bytes).
    Removing solenoid_task.o(.rev16_text), (4 bytes).
    Removing solenoid_task.o(.revsh_text), (4 bytes).
    Removing solenoid_task.o(.rrx_text), (6 bytes).
    Removing solenoid_task.o(i.solenoid_config), (132 bytes).
    Removing landing_task.o(.rev16_text), (4 bytes).
    Removing landing_task.o(.revsh_text), (4 bytes).
    Removing landing_task.o(.rrx_text), (6 bytes).

328 unused section(s) (total 10036 bytes) removed from the image.

==============================================================================

Image Symbol Table

    Local Symbols

    Symbol Name                              Value     Ov Type        Size  Object(Section)

    ../clib/microlib/init/entry.s            0x00000000   Number         0  entry8a.o ABSOLUTE
    ../clib/microlib/init/entry.s            0x00000000   Number         0  entry10a.o ABSOLUTE
    ../clib/microlib/init/entry.s            0x00000000   Number         0  entry11a.o ABSOLUTE
    ../clib/microlib/init/entry.s            0x00000000   Number         0  entry5.o ABSOLUTE
    ../clib/microlib/init/entry.s            0x00000000   Number         0  entry10b.o ABSOLUTE
    ../clib/microlib/init/entry.s            0x00000000   Number         0  entry11b.o ABSOLUTE
    ../clib/microlib/init/entry.s            0x00000000   Number         0  entry7a.o ABSOLUTE
    ../clib/microlib/init/entry.s            0x00000000   Number         0  entry7b.o ABSOLUTE
    ../clib/microlib/init/entry.s            0x00000000   Number         0  entry2.o ABSOLUTE
    ../clib/microlib/init/entry.s            0x00000000   Number         0  entry.o ABSOLUTE
    ../clib/microlib/init/entry.s            0x00000000   Number         0  entry8b.o ABSOLUTE
    ../clib/microlib/init/entry.s            0x00000000   Number         0  entry9a.o ABSOLUTE
    ../clib/microlib/init/entry.s            0x00000000   Number         0  entry9b.o ABSOLUTE
    ../clib/microlib/string/memcpy.c         0x00000000   Number         0  memcpya.o ABSOLUTE
    ../clib/microlib/string/memcpy.c         0x00000000   Number         0  memcpyb.o ABSOLUTE
    ..\CMSIS\startup_stm32f40_41xxx.s        0x00000000   Number         0  startup_stm32f40_41xxx.o ABSOLUTE
    ..\FWlib\src\misc.c                      0x00000000   Number         0  misc.o ABSOLUTE
    ..\FWlib\src\stm32f4xx_adc.c             0x00000000   Number         0  stm32f4xx_adc.o ABSOLUTE
    ..\FWlib\src\stm32f4xx_can.c             0x00000000   Number         0  stm32f4xx_can.o ABSOLUTE
    ..\FWlib\src\stm32f4xx_dma.c             0x00000000   Number         0  stm32f4xx_dma.o ABSOLUTE
    ..\FWlib\src\stm32f4xx_gpio.c            0x00000000   Number         0  stm32f4xx_gpio.o ABSOLUTE
    ..\FWlib\src\stm32f4xx_rcc.c             0x00000000   Number         0  stm32f4xx_rcc.o ABSOLUTE
    ..\FWlib\src\stm32f4xx_syscfg.c          0x00000000   Number         0  stm32f4xx_syscfg.o ABSOLUTE
    ..\FWlib\src\stm32f4xx_tim.c             0x00000000   Number         0  stm32f4xx_tim.o ABSOLUTE
    ..\FWlib\src\stm32f4xx_usart.c           0x00000000   Number         0  stm32f4xx_usart.o ABSOLUTE
    ..\Mylib\algorithmOfCRC.c                0x00000000   Number         0  algorithmofcrc.o ABSOLUTE
    ..\Mylib\can1.c                          0x00000000   Number         0  can1.o ABSOLUTE
    ..\Mylib\can2.c                          0x00000000   Number         0  can2.o ABSOLUTE
    ..\Mylib\chassis_task.c                  0x00000000   Number         0  chassis_task.o ABSOLUTE
    ..\Mylib\delay.c                         0x00000000   Number         0  delay.o ABSOLUTE
    ..\Mylib\float2byte.c                    0x00000000   Number         0  float2byte.o ABSOLUTE
    ..\Mylib\landing_task.c                  0x00000000   Number         0  landing_task.o ABSOLUTE
    ..\Mylib\led.c                           0x00000000   Number         0  led.o ABSOLUTE
    ..\Mylib\pid.c                           0x00000000   Number         0  pid.o ABSOLUTE
    ..\Mylib\solenoid_task.c                 0x00000000   Number         0  solenoid_task.o ABSOLUTE
    ..\Mylib\state.c                         0x00000000   Number         0  state.o ABSOLUTE
    ..\Mylib\track_task.c                    0x00000000   Number         0  track_task.o ABSOLUTE
    ..\Mylib\uart5.c                         0x00000000   Number         0  uart5.o ABSOLUTE
    ..\Mylib\usart3.c                        0x00000000   Number         0  usart3.o ABSOLUTE
    ..\\FWlib\\src\\misc.c                   0x00000000   Number         0  misc.o ABSOLUTE
    ..\\FWlib\\src\\stm32f4xx_adc.c          0x00000000   Number         0  stm32f4xx_adc.o ABSOLUTE
    ..\\FWlib\\src\\stm32f4xx_can.c          0x00000000   Number         0  stm32f4xx_can.o ABSOLUTE
    ..\\FWlib\\src\\stm32f4xx_dma.c          0x00000000   Number         0  stm32f4xx_dma.o ABSOLUTE
    ..\\FWlib\\src\\stm32f4xx_gpio.c         0x00000000   Number         0  stm32f4xx_gpio.o ABSOLUTE
    ..\\FWlib\\src\\stm32f4xx_rcc.c          0x00000000   Number         0  stm32f4xx_rcc.o ABSOLUTE
    ..\\FWlib\\src\\stm32f4xx_syscfg.c       0x00000000   Number         0  stm32f4xx_syscfg.o ABSOLUTE
    ..\\FWlib\\src\\stm32f4xx_tim.c          0x00000000   Number         0  stm32f4xx_tim.o ABSOLUTE
    ..\\FWlib\\src\\stm32f4xx_usart.c        0x00000000   Number         0  stm32f4xx_usart.o ABSOLUTE
    ..\\Mylib\\algorithmOfCRC.c              0x00000000   Number         0  algorithmofcrc.o ABSOLUTE
    ..\\Mylib\\can1.c                        0x00000000   Number         0  can1.o ABSOLUTE
    ..\\Mylib\\can2.c                        0x00000000   Number         0  can2.o ABSOLUTE
    ..\\Mylib\\chassis_task.c                0x00000000   Number         0  chassis_task.o ABSOLUTE
    ..\\Mylib\\delay.c                       0x00000000   Number         0  delay.o ABSOLUTE
    ..\\Mylib\\landing_task.c                0x00000000   Number         0  landing_task.o ABSOLUTE
    ..\\Mylib\\led.c                         0x00000000   Number         0  led.o ABSOLUTE
    ..\\Mylib\\pid.c                         0x00000000   Number         0  pid.o ABSOLUTE
    ..\\Mylib\\solenoid_task.c               0x00000000   Number         0  solenoid_task.o ABSOLUTE
    ..\\Mylib\\state.c                       0x00000000   Number         0  state.o ABSOLUTE
    ..\\Mylib\\track_task.c                  0x00000000   Number         0  track_task.o ABSOLUTE
    ..\\Mylib\\uart5.c                       0x00000000   Number         0  uart5.o ABSOLUTE
    ..\\Mylib\\usart3.c                      0x00000000   Number         0  usart3.o ABSOLUTE
    dc.s                                     0x00000000   Number         0  dc.o ABSOLUTE
    handlers.s                               0x00000000   Number         0  handlers.o ABSOLUTE
    init.s                                   0x00000000   Number         0  init.o ABSOLUTE
    main.c                                   0x00000000   Number         0  main.o ABSOLUTE
    main.c                                   0x00000000   Number         0  main.o ABSOLUTE
    stm32f4xx_it.c                           0x00000000   Number         0  stm32f4xx_it.o ABSOLUTE
    stm32f4xx_it.c                           0x00000000   Number         0  stm32f4xx_it.o ABSOLUTE
    system_stm32f4xx.c                       0x00000000   Number         0  system_stm32f4xx.o ABSOLUTE
    system_stm32f4xx.c                       0x00000000   Number         0  system_stm32f4xx.o ABSOLUTE
    RESET                                    0x08000000   Section      392  startup_stm32f40_41xxx.o(RESET)
    .ARM.Collect$$$$00000000                 0x08000188   Section        0  entry.o(.ARM.Collect$$$$00000000)
    .ARM.Collect$$$$00000001                 0x08000188   Section        4  entry2.o(.ARM.Collect$$$$00000001)
    .ARM.Collect$$$$00000004                 0x0800018c   Section        4  entry5.o(.ARM.Collect$$$$00000004)
    .ARM.Collect$$$$00000008                 0x08000190   Section        0  entry7b.o(.ARM.Collect$$$$00000008)
    .ARM.Collect$$$$0000000A                 0x08000190   Section        0  entry8b.o(.ARM.Collect$$$$0000000A)
    .ARM.Collect$$$$0000000B                 0x08000190   Section        8  entry9a.o(.ARM.Collect$$$$0000000B)
    .ARM.Collect$$$$0000000D                 0x08000198   Section        0  entry10a.o(.ARM.Collect$$$$0000000D)
    .ARM.Collect$$$$0000000F                 0x08000198   Section        0  entry11a.o(.ARM.Collect$$$$0000000F)
    .ARM.Collect$$$$00002712                 0x08000198   Section        4  entry2.o(.ARM.Collect$$$$00002712)
    __lit__00000000                          0x08000198   Data           4  entry2.o(.ARM.Collect$$$$00002712)
    .text                                    0x0800019c   Section       36  startup_stm32f40_41xxx.o(.text)
    $v0                                      0x0800019c   Number         0  startup_stm32f40_41xxx.o(.text)
    .text                                    0x080001c0   Section        0  memcpya.o(.text)
    .text                                    0x080001e4   Section       36  init.o(.text)
    i.BusFault_Handler                       0x08000208   Section        0  stm32f4xx_it.o(i.BusFault_Handler)
    i.CAN1_Configration                      0x0800020c   Section        0  can1.o(i.CAN1_Configration)
    i.CAN1_RX0_IRQHandler                    0x08000324   Section        0  can1.o(i.CAN1_RX0_IRQHandler)
    i.CAN1_TX_IRQHandler                     0x080004f4   Section        0  can1.o(i.CAN1_TX_IRQHandler)
    i.CAN2_Configration                      0x08000510   Section        0  can2.o(i.CAN2_Configration)
    i.CAN2_RX0_IRQHandler                    0x0800063c   Section        0  can2.o(i.CAN2_RX0_IRQHandler)
    i.CAN2_TX_IRQHandler                     0x08000878   Section        0  can2.o(i.CAN2_TX_IRQHandler)
    i.CAN_ClearITPendingBit                  0x080008a0   Section        0  stm32f4xx_can.o(i.CAN_ClearITPendingBit)
    i.CAN_DeInit                             0x08000948   Section        0  stm32f4xx_can.o(i.CAN_DeInit)
    i.CAN_FilterInit                         0x08000980   Section        0  stm32f4xx_can.o(i.CAN_FilterInit)
    i.CAN_GetITStatus                        0x08000a88   Section        0  stm32f4xx_can.o(i.CAN_GetITStatus)
    i.CAN_ITConfig                           0x08000ba8   Section        0  stm32f4xx_can.o(i.CAN_ITConfig)
    i.CAN_Init                               0x08000bba   Section        0  stm32f4xx_can.o(i.CAN_Init)
    i.CAN_Receive                            0x08000cce   Section        0  stm32f4xx_can.o(i.CAN_Receive)
    i.CAN_StructInit                         0x08000dbe   Section        0  stm32f4xx_can.o(i.CAN_StructInit)
    i.CAN_Transmit                           0x08000dde   Section        0  stm32f4xx_can.o(i.CAN_Transmit)
    i.CheckITStatus                          0x08000f04   Section        0  stm32f4xx_can.o(i.CheckITStatus)
    CheckITStatus                            0x08000f05   Thumb Code    18  stm32f4xx_can.o(i.CheckITStatus)
    i.DMA1_Stream1_IRQHandler                0x08000f18   Section        0  usart3.o(i.DMA1_Stream1_IRQHandler)
    i.DMA1_Stream3_IRQHandler                0x08000f50   Section        0  usart3.o(i.DMA1_Stream3_IRQHandler)
    i.DMA_ClearFlag                          0x08000f80   Section        0  stm32f4xx_dma.o(i.DMA_ClearFlag)
    i.DMA_ClearITPendingBit                  0x08000fb4   Section        0  stm32f4xx_dma.o(i.DMA_ClearITPendingBit)
    i.DMA_Cmd                                0x08000fe8   Section        0  stm32f4xx_dma.o(i.DMA_Cmd)
    i.DMA_DeInit                             0x08001000   Section        0  stm32f4xx_dma.o(i.DMA_DeInit)
    i.DMA_GetCurrDataCounter                 0x08001158   Section        0  stm32f4xx_dma.o(i.DMA_GetCurrDataCounter)
    i.DMA_GetITStatus                        0x08001160   Section        0  stm32f4xx_dma.o(i.DMA_GetITStatus)
    i.DMA_ITConfig                           0x080011c4   Section        0  stm32f4xx_dma.o(i.DMA_ITConfig)
    i.DMA_Init                               0x08001200   Section        0  stm32f4xx_dma.o(i.DMA_Init)
    i.DMA_SetCurrDataCounter                 0x08001258   Section        0  stm32f4xx_dma.o(i.DMA_SetCurrDataCounter)
    i.DebugMon_Handler                       0x0800125c   Section        0  stm32f4xx_it.o(i.DebugMon_Handler)
    i.GPIO_Init                              0x0800125e   Section        0  stm32f4xx_gpio.o(i.GPIO_Init)
    i.GPIO_PinAFConfig                       0x080012ee   Section        0  stm32f4xx_gpio.o(i.GPIO_PinAFConfig)
    i.GPIO_ResetBits                         0x08001334   Section        0  stm32f4xx_gpio.o(i.GPIO_ResetBits)
    i.GPIO_SetBits                           0x08001338   Section        0  stm32f4xx_gpio.o(i.GPIO_SetBits)
    i.GPIO_ToggleBits                        0x0800133c   Section        0  stm32f4xx_gpio.o(i.GPIO_ToggleBits)
    i.Get_CRC16_Check_Sum                    0x08001344   Section        0  algorithmofcrc.o(i.Get_CRC16_Check_Sum)
    i.Get_CRC8_Check_Sum                     0x08001378   Section        0  algorithmofcrc.o(i.Get_CRC8_Check_Sum)
    i.HardFault_Handler                      0x0800139c   Section        0  stm32f4xx_it.o(i.HardFault_Handler)
    i.LED_Configration                       0x080013a0   Section        0  led.o(i.LED_Configration)
    i.MemManage_Handler                      0x080013e4   Section        0  stm32f4xx_it.o(i.MemManage_Handler)
    i.NMI_Handler                            0x080013e8   Section        0  stm32f4xx_it.o(i.NMI_Handler)
    i.NVIC_Init                              0x080013ec   Section        0  misc.o(i.NVIC_Init)
    i.NVIC_PriorityGroupConfig               0x08001464   Section        0  misc.o(i.NVIC_PriorityGroupConfig)
    i.PID_Calc                               0x08001478   Section        0  pid.o(i.PID_Calc)
    i.PendSV_Handler                         0x08001534   Section        0  stm32f4xx_it.o(i.PendSV_Handler)
    i.RCC_AHB1PeriphClockCmd                 0x08001538   Section        0  stm32f4xx_rcc.o(i.RCC_AHB1PeriphClockCmd)
    i.RCC_APB1PeriphClockCmd                 0x08001558   Section        0  stm32f4xx_rcc.o(i.RCC_APB1PeriphClockCmd)
    i.RCC_APB1PeriphResetCmd                 0x08001578   Section        0  stm32f4xx_rcc.o(i.RCC_APB1PeriphResetCmd)
    i.RCC_GetClocksFreq                      0x08001598   Section        0  stm32f4xx_rcc.o(i.RCC_GetClocksFreq)
    i.SVC_Handler                            0x08001680   Section        0  stm32f4xx_it.o(i.SVC_Handler)
    i.SetSysClock                            0x08001684   Section        0  system_stm32f4xx.o(i.SetSysClock)
    SetSysClock                              0x08001685   Thumb Code   220  system_stm32f4xx.o(i.SetSysClock)
    i.SysTick_Handler                        0x08001770   Section        0  main.o(i.SysTick_Handler)
    i.SystemInit                             0x08001834   Section        0  system_stm32f4xx.o(i.SystemInit)
    i.System_Configration                    0x0800189c   Section        0  main.o(i.System_Configration)
    i.TIM2_Configration                      0x08001924   Section        0  led.o(i.TIM2_Configration)
    i.TIM2_IRQHandler                        0x08001984   Section        0  led.o(i.TIM2_IRQHandler)
    i.TIM6_Configration                      0x08001a10   Section        0  delay.o(i.TIM6_Configration)
    i.TIM6_DAC_IRQHandler                    0x08001a6c   Section        0  delay.o(i.TIM6_DAC_IRQHandler)
    i.TIM7_Configration                      0x08001a98   Section        0  delay.o(i.TIM7_Configration)
    i.TIM7_IRQHandler                        0x08001af4   Section        0  delay.o(i.TIM7_IRQHandler)
    i.TIM_ClearITPendingBit                  0x08001b20   Section        0  stm32f4xx_tim.o(i.TIM_ClearITPendingBit)
    i.TIM_Cmd                                0x08001b26   Section        0  stm32f4xx_tim.o(i.TIM_Cmd)
    i.TIM_GetITStatus                        0x08001b3e   Section        0  stm32f4xx_tim.o(i.TIM_GetITStatus)
    i.TIM_ITConfig                           0x08001b60   Section        0  stm32f4xx_tim.o(i.TIM_ITConfig)
    i.TIM_TimeBaseInit                       0x08001b74   Section        0  stm32f4xx_tim.o(i.TIM_TimeBaseInit)
    i.UART5_Configuration                    0x08001bf8   Section        0  uart5.o(i.UART5_Configuration)
    i.UART5_IRQHandler                       0x08001d4c   Section        0  uart5.o(i.UART5_IRQHandler)
    i.USART3_Configuration                   0x08001db8   Section        0  usart3.o(i.USART3_Configuration)
    i.USART3_IRQHandler                      0x08001f68   Section        0  usart3.o(i.USART3_IRQHandler)
    i.USART_ClearFlag                        0x08001fd4   Section        0  stm32f4xx_usart.o(i.USART_ClearFlag)
    i.USART_ClearITPendingBit                0x08001fe6   Section        0  stm32f4xx_usart.o(i.USART_ClearITPendingBit)
    i.USART_Cmd                              0x08002004   Section        0  stm32f4xx_usart.o(i.USART_Cmd)
    i.USART_DMACmd                           0x0800201c   Section        0  stm32f4xx_usart.o(i.USART_DMACmd)
    i.USART_GetITStatus                      0x0800202e   Section        0  stm32f4xx_usart.o(i.USART_GetITStatus)
    i.USART_ITConfig                         0x08002082   Section        0  stm32f4xx_usart.o(i.USART_ITConfig)
    i.USART_Init                             0x080020cc   Section        0  stm32f4xx_usart.o(i.USART_Init)
    i.UsageFault_Handler                     0x080021a0   Section        0  stm32f4xx_it.o(i.UsageFault_Handler)
    i.Verify_CRC16_Check_Sum                 0x080021a4   Section        0  algorithmofcrc.o(i.Verify_CRC16_Check_Sum)
    i.Verify_CRC8_Check_Sum                  0x080021e4   Section        0  algorithmofcrc.o(i.Verify_CRC8_Check_Sum)
    i.__scatterload_copy                     0x08002212   Section       14  handlers.o(i.__scatterload_copy)
    i.__scatterload_null                     0x08002220   Section        2  handlers.o(i.__scatterload_null)
    i.__scatterload_zeroinit                 0x08002222   Section       14  handlers.o(i.__scatterload_zeroinit)
    i.byte2float                             0x08002230   Section        0  float2byte.o(i.byte2float)
    i.chassis_cal                            0x0800224c   Section        0  chassis_task.o(i.chassis_cal)
    i.chassis_current_send                   0x08002534   Section        0  can1.o(i.chassis_current_send)
    i.chassis_power_off                      0x080025f0   Section        0  chassis_task.o(i.chassis_power_off)
    i.chassis_task                           0x08002600   Section        0  chassis_task.o(i.chassis_task)
    i.delay_ms                               0x08002748   Section        0  delay.o(i.delay_ms)
    i.judge_buf_receive                      0x08002774   Section        0  usart3.o(i.judge_buf_receive)
    i.key_refresh                            0x08002a6c   Section        0  uart5.o(i.key_refresh)
    i.landing_action                         0x08002af4   Section        0  landing_task.o(i.landing_action)
    i.main                                   0x08002af6   Section        0  main.o(i.main)
    i.offline_detect                         0x08002b00   Section        0  state.o(i.offline_detect)
    i.rc_reset                               0x08002b90   Section        0  uart5.o(i.rc_reset)
    i.remote_receive                         0x08002bd8   Section        0  uart5.o(i.remote_receive)
    i.return_state                           0x08002d08   Section        0  usart3.o(i.return_state)
    i.solenoid_action                        0x08002d0c   Section        0  solenoid_task.o(i.solenoid_action)
    i.switch_mode                            0x08002dfc   Section        0  state.o(i.switch_mode)
    i.track_cal                              0x08002f10   Section        0  track_task.o(i.track_cal)
    i.track_current_send                     0x08002fec   Section        0  can1.o(i.track_current_send)
    .constdata                               0x08003064   Section      769  algorithmofcrc.o(.constdata)
    .data                                    0x20000000   Section       16  main.o(.data)
    .data                                    0x20000010   Section       16  stm32f4xx_rcc.o(.data)
    APBAHBPrescTable                         0x20000010   Data          16  stm32f4xx_rcc.o(.data)
    .data                                    0x20000020   Section        2  algorithmofcrc.o(.data)
    .data                                    0x20000024   Section       12  can2.o(.data)
    .data                                    0x20000030   Section       19  usart3.o(.data)
    Seq                                      0x20000042   Data           1  usart3.o(.data)
    .data                                    0x20000044   Section        4  uart5.o(.data)
    DATA_LENGTH                              0x20000044   Data           4  uart5.o(.data)
    .data                                    0x20000048   Section        4  led.o(.data)
    .data                                    0x2000004c   Section        8  delay.o(.data)
    .data                                    0x20000054   Section       12  chassis_task.o(.data)
    .data                                    0x20000060   Section        9  track_task.o(.data)
    .bss                                     0x2000006c   Section       36  main.o(.bss)
    .bss                                     0x20000090   Section       72  can1.o(.bss)
    .bss                                     0x200000d8   Section       60  can2.o(.bss)
    .bss                                     0x20000114   Section      152  usart3.o(.bss)
    .bss                                     0x200001ac   Section      118  uart5.o(.bss)
    .bss                                     0x20000224   Section      304  chassis_task.o(.bss)
    .bss                                     0x20000354   Section       96  track_task.o(.bss)
    STACK                                    0x200003b8   Section     1024  startup_stm32f40_41xxx.o(STACK)

    Global Symbols

    Symbol Name                              Value     Ov Type        Size  Object(Section)

    BuildAttributes$$THM_ISAv4$E$P$D$K$B$S$7EM$VFPi3$EXTD16$VFPS$VFMA$PE$A:L22UL41UL21$X:L11$S22US41US21$IEEE1$IW$USESV6$~STKCKD$USESV7$~SHL$OSPACE$EBA8$MICROLIB$REQ8$PRES8$EABIv2 0x00000000   Number         0  anon$$obj.o ABSOLUTE
    __ARM_use_no_argv                        0x00000000   Number         0  main.o ABSOLUTE
    __cpp_initialize__aeabi_                  - Undefined Weak Reference
    __cxa_finalize                            - Undefined Weak Reference
    __decompress                              - Undefined Weak Reference
    _clock_init                               - Undefined Weak Reference
    _microlib_exit                            - Undefined Weak Reference
    __Vectors_Size                           0x00000188   Number         0  startup_stm32f40_41xxx.o ABSOLUTE
    __Vectors                                0x08000000   Data           4  startup_stm32f40_41xxx.o(RESET)
    __Vectors_End                            0x08000188   Data           0  startup_stm32f40_41xxx.o(RESET)
    __main                                   0x08000189   Thumb Code     0  entry.o(.ARM.Collect$$$$00000000)
    _main_stk                                0x08000189   Thumb Code     0  entry2.o(.ARM.Collect$$$$00000001)
    _main_scatterload                        0x0800018d   Thumb Code     0  entry5.o(.ARM.Collect$$$$00000004)
    __main_after_scatterload                 0x08000191   Thumb Code     0  entry5.o(.ARM.Collect$$$$00000004)
    _main_clock                              0x08000191   Thumb Code     0  entry7b.o(.ARM.Collect$$$$00000008)
    _main_cpp_init                           0x08000191   Thumb Code     0  entry8b.o(.ARM.Collect$$$$0000000A)
    _main_init                               0x08000191   Thumb Code     0  entry9a.o(.ARM.Collect$$$$0000000B)
    __rt_final_cpp                           0x08000199   Thumb Code     0  entry10a.o(.ARM.Collect$$$$0000000D)
    __rt_final_exit                          0x08000199   Thumb Code     0  entry11a.o(.ARM.Collect$$$$0000000F)
    Reset_Handler                            0x0800019d   Thumb Code     8  startup_stm32f40_41xxx.o(.text)
    ADC_IRQHandler                           0x080001b7   Thumb Code     0  startup_stm32f40_41xxx.o(.text)
    CAN1_RX1_IRQHandler                      0x080001b7   Thumb Code     0  startup_stm32f40_41xxx.o(.text)
    CAN1_SCE_IRQHandler                      0x080001b7   Thumb Code     0  startup_stm32f40_41xxx.o(.text)
    CAN2_RX1_IRQHandler                      0x080001b7   Thumb Code     0  startup_stm32f40_41xxx.o(.text)
    CAN2_SCE_IRQHandler                      0x080001b7   Thumb Code     0  startup_stm32f40_41xxx.o(.text)
    CRYP_IRQHandler                          0x080001b7   Thumb Code     0  startup_stm32f40_41xxx.o(.text)
    DCMI_IRQHandler                          0x080001b7   Thumb Code     0  startup_stm32f40_41xxx.o(.text)
    DMA1_Stream0_IRQHandler                  0x080001b7   Thumb Code     0  startup_stm32f40_41xxx.o(.text)
    DMA1_Stream2_IRQHandler                  0x080001b7   Thumb Code     0  startup_stm32f40_41xxx.o(.text)
    DMA1_Stream4_IRQHandler                  0x080001b7   Thumb Code     0  startup_stm32f40_41xxx.o(.text)
    DMA1_Stream5_IRQHandler                  0x080001b7   Thumb Code     0  startup_stm32f40_41xxx.o(.text)
    DMA1_Stream6_IRQHandler                  0x080001b7   Thumb Code     0  startup_stm32f40_41xxx.o(.text)
    DMA1_Stream7_IRQHandler                  0x080001b7   Thumb Code     0  startup_stm32f40_41xxx.o(.text)
    DMA2_Stream0_IRQHandler                  0x080001b7   Thumb Code     0  startup_stm32f40_41xxx.o(.text)
    DMA2_Stream1_IRQHandler                  0x080001b7   Thumb Code     0  startup_stm32f40_41xxx.o(.text)
    DMA2_Stream2_IRQHandler                  0x080001b7   Thumb Code     0  startup_stm32f40_41xxx.o(.text)
    DMA2_Stream3_IRQHandler                  0x080001b7   Thumb Code     0  startup_stm32f40_41xxx.o(.text)
    DMA2_Stream4_IRQHandler                  0x080001b7   Thumb Code     0  startup_stm32f40_41xxx.o(.text)
    DMA2_Stream5_IRQHandler                  0x080001b7   Thumb Code     0  startup_stm32f40_41xxx.o(.text)
    DMA2_Stream6_IRQHandler                  0x080001b7   Thumb Code     0  startup_stm32f40_41xxx.o(.text)
    DMA2_Stream7_IRQHandler                  0x080001b7   Thumb Code     0  startup_stm32f40_41xxx.o(.text)
    ETH_IRQHandler                           0x080001b7   Thumb Code     0  startup_stm32f40_41xxx.o(.text)
    ETH_WKUP_IRQHandler                      0x080001b7   Thumb Code     0  startup_stm32f40_41xxx.o(.text)
    EXTI0_IRQHandler                         0x080001b7   Thumb Code     0  startup_stm32f40_41xxx.o(.text)
    EXTI15_10_IRQHandler                     0x080001b7   Thumb Code     0  startup_stm32f40_41xxx.o(.text)
    EXTI1_IRQHandler                         0x080001b7   Thumb Code     0  startup_stm32f40_41xxx.o(.text)
    EXTI2_IRQHandler                         0x080001b7   Thumb Code     0  startup_stm32f40_41xxx.o(.text)
    EXTI3_IRQHandler                         0x080001b7   Thumb Code     0  startup_stm32f40_41xxx.o(.text)
    EXTI4_IRQHandler                         0x080001b7   Thumb Code     0  startup_stm32f40_41xxx.o(.text)
    EXTI9_5_IRQHandler                       0x080001b7   Thumb Code     0  startup_stm32f40_41xxx.o(.text)
    FLASH_IRQHandler                         0x080001b7   Thumb Code     0  startup_stm32f40_41xxx.o(.text)
    FPU_IRQHandler                           0x080001b7   Thumb Code     0  startup_stm32f40_41xxx.o(.text)
    FSMC_IRQHandler                          0x080001b7   Thumb Code     0  startup_stm32f40_41xxx.o(.text)
    HASH_RNG_IRQHandler                      0x080001b7   Thumb Code     0  startup_stm32f40_41xxx.o(.text)
    I2C1_ER_IRQHandler                       0x080001b7   Thumb Code     0  startup_stm32f40_41xxx.o(.text)
    I2C1_EV_IRQHandler                       0x080001b7   Thumb Code     0  startup_stm32f40_41xxx.o(.text)
    I2C2_ER_IRQHandler                       0x080001b7   Thumb Code     0  startup_stm32f40_41xxx.o(.text)
    I2C2_EV_IRQHandler                       0x080001b7   Thumb Code     0  startup_stm32f40_41xxx.o(.text)
    I2C3_ER_IRQHandler                       0x080001b7   Thumb Code     0  startup_stm32f40_41xxx.o(.text)
    I2C3_EV_IRQHandler                       0x080001b7   Thumb Code     0  startup_stm32f40_41xxx.o(.text)
    OTG_FS_IRQHandler                        0x080001b7   Thumb Code     0  startup_stm32f40_41xxx.o(.text)
    OTG_FS_WKUP_IRQHandler                   0x080001b7   Thumb Code     0  startup_stm32f40_41xxx.o(.text)
    OTG_HS_EP1_IN_IRQHandler                 0x080001b7   Thumb Code     0  startup_stm32f40_41xxx.o(.text)
    OTG_HS_EP1_OUT_IRQHandler                0x080001b7   Thumb Code     0  startup_stm32f40_41xxx.o(.text)
    OTG_HS_IRQHandler                        0x080001b7   Thumb Code     0  startup_stm32f40_41xxx.o(.text)
    OTG_HS_WKUP_IRQHandler                   0x080001b7   Thumb Code     0  startup_stm32f40_41xxx.o(.text)
    PVD_IRQHandler                           0x080001b7   Thumb Code     0  startup_stm32f40_41xxx.o(.text)
    RCC_IRQHandler                           0x080001b7   Thumb Code     0  startup_stm32f40_41xxx.o(.text)
    RTC_Alarm_IRQHandler                     0x080001b7   Thumb Code     0  startup_stm32f40_41xxx.o(.text)
    RTC_WKUP_IRQHandler                      0x080001b7   Thumb Code     0  startup_stm32f40_41xxx.o(.text)
    SDIO_IRQHandler                          0x080001b7   Thumb Code     0  startup_stm32f40_41xxx.o(.text)
    SPI1_IRQHandler                          0x080001b7   Thumb Code     0  startup_stm32f40_41xxx.o(.text)
    SPI2_IRQHandler                          0x080001b7   Thumb Code     0  startup_stm32f40_41xxx.o(.text)
    SPI3_IRQHandler                          0x080001b7   Thumb Code     0  startup_stm32f40_41xxx.o(.text)
    TAMP_STAMP_IRQHandler                    0x080001b7   Thumb Code     0  startup_stm32f40_41xxx.o(.text)
    TIM1_BRK_TIM9_IRQHandler                 0x080001b7   Thumb Code     0  startup_stm32f40_41xxx.o(.text)
    TIM1_CC_IRQHandler                       0x080001b7   Thumb Code     0  startup_stm32f40_41xxx.o(.text)
    TIM1_TRG_COM_TIM11_IRQHandler            0x080001b7   Thumb Code     0  startup_stm32f40_41xxx.o(.text)
    TIM1_UP_TIM10_IRQHandler                 0x080001b7   Thumb Code     0  startup_stm32f40_41xxx.o(.text)
    TIM3_IRQHandler                          0x080001b7   Thumb Code     0  startup_stm32f40_41xxx.o(.text)
    TIM4_IRQHandler                          0x080001b7   Thumb Code     0  startup_stm32f40_41xxx.o(.text)
    TIM5_IRQHandler                          0x080001b7   Thumb Code     0  startup_stm32f40_41xxx.o(.text)
    TIM8_BRK_TIM12_IRQHandler                0x080001b7   Thumb Code     0  startup_stm32f40_41xxx.o(.text)
    TIM8_CC_IRQHandler                       0x080001b7   Thumb Code     0  startup_stm32f40_41xxx.o(.text)
    TIM8_TRG_COM_TIM14_IRQHandler            0x080001b7   Thumb Code     0  startup_stm32f40_41xxx.o(.text)
    TIM8_UP_TIM13_IRQHandler                 0x080001b7   Thumb Code     0  startup_stm32f40_41xxx.o(.text)
    UART4_IRQHandler                         0x080001b7   Thumb Code     0  startup_stm32f40_41xxx.o(.text)
    USART1_IRQHandler                        0x080001b7   Thumb Code     0  startup_stm32f40_41xxx.o(.text)
    USART2_IRQHandler                        0x080001b7   Thumb Code     0  startup_stm32f40_41xxx.o(.text)
    USART6_IRQHandler                        0x080001b7   Thumb Code     0  startup_stm32f40_41xxx.o(.text)
    WWDG_IRQHandler                          0x080001b7   Thumb Code     0  startup_stm32f40_41xxx.o(.text)
    __aeabi_memcpy                           0x080001c1   Thumb Code    36  memcpya.o(.text)
    __aeabi_memcpy4                          0x080001c1   Thumb Code     0  memcpya.o(.text)
    __aeabi_memcpy8                          0x080001c1   Thumb Code     0  memcpya.o(.text)
    __scatterload                            0x080001e5   Thumb Code    28  init.o(.text)
    __scatterload_rt2                        0x080001e5   Thumb Code     0  init.o(.text)
    BusFault_Handler                         0x08000209   Thumb Code     4  stm32f4xx_it.o(i.BusFault_Handler)
    CAN1_Configration                        0x0800020d   Thumb Code   272  can1.o(i.CAN1_Configration)
    CAN1_RX0_IRQHandler                      0x08000325   Thumb Code   444  can1.o(i.CAN1_RX0_IRQHandler)
    CAN1_TX_IRQHandler                       0x080004f5   Thumb Code    22  can1.o(i.CAN1_TX_IRQHandler)
    CAN2_Configration                        0x08000511   Thumb Code   290  can2.o(i.CAN2_Configration)
    CAN2_RX0_IRQHandler                      0x0800063d   Thumb Code   536  can2.o(i.CAN2_RX0_IRQHandler)
    CAN2_TX_IRQHandler                       0x08000879   Thumb Code    32  can2.o(i.CAN2_TX_IRQHandler)
    CAN_ClearITPendingBit                    0x080008a1   Thumb Code   162  stm32f4xx_can.o(i.CAN_ClearITPendingBit)
    CAN_DeInit                               0x08000949   Thumb Code    50  stm32f4xx_can.o(i.CAN_DeInit)
    CAN_FilterInit                           0x08000981   Thumb Code   258  stm32f4xx_can.o(i.CAN_FilterInit)
    CAN_GetITStatus                          0x08000a89   Thumb Code   284  stm32f4xx_can.o(i.CAN_GetITStatus)
    CAN_ITConfig                             0x08000ba9   Thumb Code    18  stm32f4xx_can.o(i.CAN_ITConfig)
    CAN_Init                                 0x08000bbb   Thumb Code   276  stm32f4xx_can.o(i.CAN_Init)
    CAN_Receive                              0x08000ccf   Thumb Code   240  stm32f4xx_can.o(i.CAN_Receive)
    CAN_StructInit                           0x08000dbf   Thumb Code    32  stm32f4xx_can.o(i.CAN_StructInit)
    CAN_Transmit                             0x08000ddf   Thumb Code   294  stm32f4xx_can.o(i.CAN_Transmit)
    DMA1_Stream1_IRQHandler                  0x08000f19   Thumb Code    38  usart3.o(i.DMA1_Stream1_IRQHandler)
    DMA1_Stream3_IRQHandler                  0x08000f51   Thumb Code    40  usart3.o(i.DMA1_Stream3_IRQHandler)
    DMA_ClearFlag                            0x08000f81   Thumb Code    38  stm32f4xx_dma.o(i.DMA_ClearFlag)
    DMA_ClearITPendingBit                    0x08000fb5   Thumb Code    38  stm32f4xx_dma.o(i.DMA_ClearITPendingBit)
    DMA_Cmd                                  0x08000fe9   Thumb Code    22  stm32f4xx_dma.o(i.DMA_Cmd)
    DMA_DeInit                               0x08001001   Thumb Code   324  stm32f4xx_dma.o(i.DMA_DeInit)
    DMA_GetCurrDataCounter                   0x08001159   Thumb Code     8  stm32f4xx_dma.o(i.DMA_GetCurrDataCounter)
    DMA_GetITStatus                          0x08001161   Thumb Code    82  stm32f4xx_dma.o(i.DMA_GetITStatus)
    DMA_ITConfig                             0x080011c5   Thumb Code    58  stm32f4xx_dma.o(i.DMA_ITConfig)
    DMA_Init                                 0x08001201   Thumb Code    82  stm32f4xx_dma.o(i.DMA_Init)
    DMA_SetCurrDataCounter                   0x08001259   Thumb Code     4  stm32f4xx_dma.o(i.DMA_SetCurrDataCounter)
    DebugMon_Handler                         0x0800125d   Thumb Code     2  stm32f4xx_it.o(i.DebugMon_Handler)
    GPIO_Init                                0x0800125f   Thumb Code   144  stm32f4xx_gpio.o(i.GPIO_Init)
    GPIO_PinAFConfig                         0x080012ef   Thumb Code    70  stm32f4xx_gpio.o(i.GPIO_PinAFConfig)
    GPIO_ResetBits                           0x08001335   Thumb Code     4  stm32f4xx_gpio.o(i.GPIO_ResetBits)
    GPIO_SetBits                             0x08001339   Thumb Code     4  stm32f4xx_gpio.o(i.GPIO_SetBits)
    GPIO_ToggleBits                          0x0800133d   Thumb Code     8  stm32f4xx_gpio.o(i.GPIO_ToggleBits)
    Get_CRC16_Check_Sum                      0x08001345   Thumb Code    46  algorithmofcrc.o(i.Get_CRC16_Check_Sum)
    Get_CRC8_Check_Sum                       0x08001379   Thumb Code    30  algorithmofcrc.o(i.Get_CRC8_Check_Sum)
    HardFault_Handler                        0x0800139d   Thumb Code     4  stm32f4xx_it.o(i.HardFault_Handler)
    LED_Configration                         0x080013a1   Thumb Code    64  led.o(i.LED_Configration)
    MemManage_Handler                        0x080013e5   Thumb Code     4  stm32f4xx_it.o(i.MemManage_Handler)
    NMI_Handler                              0x080013e9   Thumb Code     2  stm32f4xx_it.o(i.NMI_Handler)
    NVIC_Init                                0x080013ed   Thumb Code   106  misc.o(i.NVIC_Init)
    NVIC_PriorityGroupConfig                 0x08001465   Thumb Code    10  misc.o(i.NVIC_PriorityGroupConfig)
    PID_Calc                                 0x08001479   Thumb Code   188  pid.o(i.PID_Calc)
    PendSV_Handler                           0x08001535   Thumb Code     2  stm32f4xx_it.o(i.PendSV_Handler)
    RCC_AHB1PeriphClockCmd                   0x08001539   Thumb Code    26  stm32f4xx_rcc.o(i.RCC_AHB1PeriphClockCmd)
    RCC_APB1PeriphClockCmd                   0x08001559   Thumb Code    26  stm32f4xx_rcc.o(i.RCC_APB1PeriphClockCmd)
    RCC_APB1PeriphResetCmd                   0x08001579   Thumb Code    26  stm32f4xx_rcc.o(i.RCC_APB1PeriphResetCmd)
    RCC_GetClocksFreq                        0x08001599   Thumb Code   214  stm32f4xx_rcc.o(i.RCC_GetClocksFreq)
    SVC_Handler                              0x08001681   Thumb Code     2  stm32f4xx_it.o(i.SVC_Handler)
    SysTick_Handler                          0x08001771   Thumb Code   172  main.o(i.SysTick_Handler)
    SystemInit                               0x08001835   Thumb Code    88  system_stm32f4xx.o(i.SystemInit)
    System_Configration                      0x0800189d   Thumb Code   124  main.o(i.System_Configration)
    TIM2_Configration                        0x08001925   Thumb Code    96  led.o(i.TIM2_Configration)
    TIM2_IRQHandler                          0x08001985   Thumb Code   126  led.o(i.TIM2_IRQHandler)
    TIM6_Configration                        0x08001a11   Thumb Code    88  delay.o(i.TIM6_Configration)
    TIM6_DAC_IRQHandler                      0x08001a6d   Thumb Code    34  delay.o(i.TIM6_DAC_IRQHandler)
    TIM7_Configration                        0x08001a99   Thumb Code    86  delay.o(i.TIM7_Configration)
    TIM7_IRQHandler                          0x08001af5   Thumb Code    34  delay.o(i.TIM7_IRQHandler)
    TIM_ClearITPendingBit                    0x08001b21   Thumb Code     6  stm32f4xx_tim.o(i.TIM_ClearITPendingBit)
    TIM_Cmd                                  0x08001b27   Thumb Code    24  stm32f4xx_tim.o(i.TIM_Cmd)
    TIM_GetITStatus                          0x08001b3f   Thumb Code    34  stm32f4xx_tim.o(i.TIM_GetITStatus)
    TIM_ITConfig                             0x08001b61   Thumb Code    18  stm32f4xx_tim.o(i.TIM_ITConfig)
    TIM_TimeBaseInit                         0x08001b75   Thumb Code   104  stm32f4xx_tim.o(i.TIM_TimeBaseInit)
    UART5_Configuration                      0x08001bf9   Thumb Code   312  uart5.o(i.UART5_Configuration)
    UART5_IRQHandler                         0x08001d4d   Thumb Code    86  uart5.o(i.UART5_IRQHandler)
    USART3_Configuration                     0x08001db9   Thumb Code   412  usart3.o(i.USART3_Configuration)
    USART3_IRQHandler                        0x08001f69   Thumb Code    92  usart3.o(i.USART3_IRQHandler)
    USART_ClearFlag                          0x08001fd5   Thumb Code    18  stm32f4xx_usart.o(i.USART_ClearFlag)
    USART_ClearITPendingBit                  0x08001fe7   Thumb Code    30  stm32f4xx_usart.o(i.USART_ClearITPendingBit)
    USART_Cmd                                0x08002005   Thumb Code    24  stm32f4xx_usart.o(i.USART_Cmd)
    USART_DMACmd                             0x0800201d   Thumb Code    18  stm32f4xx_usart.o(i.USART_DMACmd)
    USART_GetITStatus                        0x0800202f   Thumb Code    84  stm32f4xx_usart.o(i.USART_GetITStatus)
    USART_ITConfig                           0x08002083   Thumb Code    74  stm32f4xx_usart.o(i.USART_ITConfig)
    USART_Init                               0x080020cd   Thumb Code   204  stm32f4xx_usart.o(i.USART_Init)
    UsageFault_Handler                       0x080021a1   Thumb Code     4  stm32f4xx_it.o(i.UsageFault_Handler)
    Verify_CRC16_Check_Sum                   0x080021a5   Thumb Code    60  algorithmofcrc.o(i.Verify_CRC16_Check_Sum)
    Verify_CRC8_Check_Sum                    0x080021e5   Thumb Code    46  algorithmofcrc.o(i.Verify_CRC8_Check_Sum)
    __scatterload_copy                       0x08002213   Thumb Code    14  handlers.o(i.__scatterload_copy)
    __scatterload_null                       0x08002221   Thumb Code     2  handlers.o(i.__scatterload_null)
    __scatterload_zeroinit                   0x08002223   Thumb Code    14  handlers.o(i.__scatterload_zeroinit)
    byte2float                               0x08002231   Thumb Code    28  float2byte.o(i.byte2float)
    chassis_cal                              0x0800224d   Thumb Code   692  chassis_task.o(i.chassis_cal)
    chassis_current_send                     0x08002535   Thumb Code   180  can1.o(i.chassis_current_send)
    chassis_power_off                        0x080025f1   Thumb Code    16  chassis_task.o(i.chassis_power_off)
    chassis_task                             0x08002601   Thumb Code   310  chassis_task.o(i.chassis_task)
    delay_ms                                 0x08002749   Thumb Code    36  delay.o(i.delay_ms)
    judge_buf_receive                        0x08002775   Thumb Code   740  usart3.o(i.judge_buf_receive)
    key_refresh                              0x08002a6d   Thumb Code   128  uart5.o(i.key_refresh)
    landing_action                           0x08002af5   Thumb Code     2  landing_task.o(i.landing_action)
    main                                     0x08002af7   Thumb Code     8  main.o(i.main)
    offline_detect                           0x08002b01   Thumb Code   138  state.o(i.offline_detect)
    rc_reset                                 0x08002b91   Thumb Code    68  uart5.o(i.rc_reset)
    remote_receive                           0x08002bd9   Thumb Code   298  uart5.o(i.remote_receive)
    return_state                             0x08002d09   Thumb Code     2  usart3.o(i.return_state)
    solenoid_action                          0x08002d0d   Thumb Code   218  solenoid_task.o(i.solenoid_action)
    switch_mode                              0x08002dfd   Thumb Code   256  state.o(i.switch_mode)
    track_cal                                0x08002f11   Thumb Code   184  track_task.o(i.track_cal)
    track_current_send                       0x08002fed   Thumb Code   110  can1.o(i.track_current_send)
    wCRC_Table                               0x08003064   Data         512  algorithmofcrc.o(.constdata)
    CRC8_INIT                                0x08003264   Data           1  algorithmofcrc.o(.constdata)
    CRC8_TAB                                 0x08003265   Data         256  algorithmofcrc.o(.constdata)
    Region$$Table$$Base                      0x08003368   Number         0  anon$$obj.o(Region$$Table)
    Region$$Table$$Limit                     0x08003388   Number         0  anon$$obj.o(Region$$Table)
    ms50                                     0x20000000   Data           4  main.o(.data)
    tick50                                   0x20000004   Data           4  main.o(.data)
    cur_error_num                            0x20000008   Data           4  main.o(.data)
    last_error_num                           0x2000000c   Data           4  main.o(.data)
    CRC_INIT                                 0x20000020   Data           2  algorithmofcrc.o(.data)
    yaw_angle                                0x20000024   Data           4  can2.o(.data)
    gz                                       0x20000028   Data           4  can2.o(.data)
    can2tx                                   0x2000002c   Data           4  can2.o(.data)
    chassis_a                                0x20000030   Data           4  usart3.o(.data)
    chassis_v                                0x20000034   Data           4  usart3.o(.data)
    chassis_energy                           0x20000038   Data           4  usart3.o(.data)
    UserMes                                  0x2000003c   Data           4  usart3.o(.data)
    data_len                                 0x20000040   Data           2  usart3.o(.data)
    led_cnt                                  0x20000048   Data           4  led.o(.data)
    delayus_cnt                              0x2000004c   Data           4  delay.o(.data)
    delayms_cnt                              0x20000050   Data           4  delay.o(.data)
    vx                                       0x20000054   Data           4  chassis_task.o(.data)
    vy                                       0x20000058   Data           4  chassis_task.o(.data)
    vw                                       0x2000005c   Data           4  chassis_task.o(.data)
    track_current                            0x20000060   Data           8  track_task.o(.data)
    track_on_flag                            0x20000068   Data           1  track_task.o(.data)
    g_flag                                   0x2000006c   Data          36  main.o(.bss)
    chassis_motor                            0x20000090   Data          32  can1.o(.bss)
    track_motor                              0x200000b0   Data          40  can1.o(.bss)
    lift_motor                               0x200000d8   Data          40  can2.o(.bss)
    lateral_motor                            0x20000100   Data          20  can2.o(.bss)
    judge_receive_buf                        0x20000114   Data          34  usart3.o(.bss)
    judge_send                               0x20000136   Data          22  usart3.o(.bss)
    SaveBuffer                               0x2000014c   Data          68  usart3.o(.bss)
    game_inf                                 0x20000190   Data          28  usart3.o(.bss)
    sbus_rx_buffer                           0x200001ac   Data          18  uart5.o(.bss)
    rc_ctrl                                  0x200001be   Data          50  uart5.o(.bss)
    rc_ctrl_last                             0x200001f0   Data          50  uart5.o(.bss)
    chassis_vel_pid                          0x20000224   Data         192  chassis_task.o(.bss)
    chassis_pos_follow_pid                   0x200002e4   Data          48  chassis_task.o(.bss)
    chassis_vel_follow_pid                   0x20000314   Data          48  chassis_task.o(.bss)
    test_chassis_current                     0x20000344   Data          16  chassis_task.o(.bss)
    track_vel_pid                            0x20000354   Data          96  track_task.o(.bss)
    __initial_sp                             0x200007b8   Data           0  startup_stm32f40_41xxx.o(STACK)



==============================================================================

Memory Map of the image

  Image Entry point : 0x08000189

  Load Region LR_IROM1 (Base: 0x08000000, Size: 0x000033f4, Max: 0x00100000, ABSOLUTE)

    Execution Region ER_IROM1 (Exec base: 0x08000000, Load base: 0x08000000, Size: 0x00003388, Max: 0x00100000, ABSOLUTE)

    Exec Addr    Load Addr    Size         Type   Attr      Idx    E Section Name        Object

    0x08000000   0x08000000   0x00000188   Data   RO            3    RESET               startup_stm32f40_41xxx.o
    0x08000188   0x08000188   0x00000000   Code   RO         2828  * .ARM.Collect$$$$00000000  mc_w.l(entry.o)
    0x08000188   0x08000188   0x00000004   Code   RO         2835    .ARM.Collect$$$$00000001  mc_w.l(entry2.o)
    0x0800018c   0x0800018c   0x00000004   Code   RO         2838    .ARM.Collect$$$$00000004  mc_w.l(entry5.o)
    0x08000190   0x08000190   0x00000000   Code   RO         2840    .ARM.Collect$$$$00000008  mc_w.l(entry7b.o)
    0x08000190   0x08000190   0x00000000   Code   RO         2842    .ARM.Collect$$$$0000000A  mc_w.l(entry8b.o)
    0x08000190   0x08000190   0x00000008   Code   RO         2843    .ARM.Collect$$$$0000000B  mc_w.l(entry9a.o)
    0x08000198   0x08000198   0x00000000   Code   RO         2845    .ARM.Collect$$$$0000000D  mc_w.l(entry10a.o)
    0x08000198   0x08000198   0x00000000   Code   RO         2847    .ARM.Collect$$$$0000000F  mc_w.l(entry11a.o)
    0x08000198   0x08000198   0x00000004   Code   RO         2836    .ARM.Collect$$$$00002712  mc_w.l(entry2.o)
    0x0800019c   0x0800019c   0x00000024   Code   RO            4    .text               startup_stm32f40_41xxx.o
    0x080001c0   0x080001c0   0x00000024   Code   RO         2831    .text               mc_w.l(memcpya.o)
    0x080001e4   0x080001e4   0x00000024   Code   RO         2849    .text               mc_w.l(init.o)
    0x08000208   0x08000208   0x00000004   Code   RO          165    i.BusFault_Handler  stm32f4xx_it.o
    0x0800020c   0x0800020c   0x00000118   Code   RO         2291    i.CAN1_Configration  can1.o
    0x08000324   0x08000324   0x000001d0   Code   RO         2292    i.CAN1_RX0_IRQHandler  can1.o
    0x080004f4   0x080004f4   0x0000001c   Code   RO         2293    i.CAN1_TX_IRQHandler  can1.o
    0x08000510   0x08000510   0x0000012c   Code   RO         2345    i.CAN2_Configration  can2.o
    0x0800063c   0x0800063c   0x0000023c   Code   RO         2346    i.CAN2_RX0_IRQHandler  can2.o
    0x08000878   0x08000878   0x00000028   Code   RO         2347    i.CAN2_TX_IRQHandler  can2.o
    0x080008a0   0x080008a0   0x000000a8   Code   RO          921    i.CAN_ClearITPendingBit  stm32f4xx_can.o
    0x08000948   0x08000948   0x00000038   Code   RO          923    i.CAN_DeInit        stm32f4xx_can.o
    0x08000980   0x08000980   0x00000108   Code   RO          925    i.CAN_FilterInit    stm32f4xx_can.o
    0x08000a88   0x08000a88   0x00000120   Code   RO          927    i.CAN_GetITStatus   stm32f4xx_can.o
    0x08000ba8   0x08000ba8   0x00000012   Code   RO          931    i.CAN_ITConfig      stm32f4xx_can.o
    0x08000bba   0x08000bba   0x00000114   Code   RO          932    i.CAN_Init          stm32f4xx_can.o
    0x08000cce   0x08000cce   0x000000f0   Code   RO          935    i.CAN_Receive       stm32f4xx_can.o
    0x08000dbe   0x08000dbe   0x00000020   Code   RO          938    i.CAN_StructInit    stm32f4xx_can.o
    0x08000dde   0x08000dde   0x00000126   Code   RO          940    i.CAN_Transmit      stm32f4xx_can.o
    0x08000f04   0x08000f04   0x00000012   Code   RO          943    i.CheckITStatus     stm32f4xx_can.o
    0x08000f16   0x08000f16   0x00000002   PAD
    0x08000f18   0x08000f18   0x00000038   Code   RO         2398    i.DMA1_Stream1_IRQHandler  usart3.o
    0x08000f50   0x08000f50   0x00000030   Code   RO         2399    i.DMA1_Stream3_IRQHandler  usart3.o
    0x08000f80   0x08000f80   0x00000034   Code   RO         1086    i.DMA_ClearFlag     stm32f4xx_dma.o
    0x08000fb4   0x08000fb4   0x00000034   Code   RO         1087    i.DMA_ClearITPendingBit  stm32f4xx_dma.o
    0x08000fe8   0x08000fe8   0x00000016   Code   RO         1088    i.DMA_Cmd           stm32f4xx_dma.o
    0x08000ffe   0x08000ffe   0x00000002   PAD
    0x08001000   0x08001000   0x00000158   Code   RO         1089    i.DMA_DeInit        stm32f4xx_dma.o
    0x08001158   0x08001158   0x00000008   Code   RO         1094    i.DMA_GetCurrDataCounter  stm32f4xx_dma.o
    0x08001160   0x08001160   0x00000064   Code   RO         1098    i.DMA_GetITStatus   stm32f4xx_dma.o
    0x080011c4   0x080011c4   0x0000003a   Code   RO         1099    i.DMA_ITConfig      stm32f4xx_dma.o
    0x080011fe   0x080011fe   0x00000002   PAD
    0x08001200   0x08001200   0x00000058   Code   RO         1100    i.DMA_Init          stm32f4xx_dma.o
    0x08001258   0x08001258   0x00000004   Code   RO         1103    i.DMA_SetCurrDataCounter  stm32f4xx_dma.o
    0x0800125c   0x0800125c   0x00000002   Code   RO          166    i.DebugMon_Handler  stm32f4xx_it.o
    0x0800125e   0x0800125e   0x00000090   Code   RO          480    i.GPIO_Init         stm32f4xx_gpio.o
    0x080012ee   0x080012ee   0x00000046   Code   RO          481    i.GPIO_PinAFConfig  stm32f4xx_gpio.o
    0x08001334   0x08001334   0x00000004   Code   RO          487    i.GPIO_ResetBits    stm32f4xx_gpio.o
    0x08001338   0x08001338   0x00000004   Code   RO          488    i.GPIO_SetBits      stm32f4xx_gpio.o
    0x0800133c   0x0800133c   0x00000008   Code   RO          490    i.GPIO_ToggleBits   stm32f4xx_gpio.o
    0x08001344   0x08001344   0x00000034   Code   RO         2224    i.Get_CRC16_Check_Sum  algorithmofcrc.o
    0x08001378   0x08001378   0x00000024   Code   RO         2225    i.Get_CRC8_Check_Sum  algorithmofcrc.o
    0x0800139c   0x0800139c   0x00000004   Code   RO          167    i.HardFault_Handler  stm32f4xx_it.o
    0x080013a0   0x080013a0   0x00000044   Code   RO         2517    i.LED_Configration  led.o
    0x080013e4   0x080013e4   0x00000004   Code   RO          168    i.MemManage_Handler  stm32f4xx_it.o
    0x080013e8   0x080013e8   0x00000002   Code   RO          169    i.NMI_Handler       stm32f4xx_it.o
    0x080013ea   0x080013ea   0x00000002   PAD
    0x080013ec   0x080013ec   0x00000078   Code   RO          431    i.NVIC_Init         misc.o
    0x08001464   0x08001464   0x00000014   Code   RO          432    i.NVIC_PriorityGroupConfig  misc.o
    0x08001478   0x08001478   0x000000bc   Code   RO         2556    i.PID_Calc          pid.o
    0x08001534   0x08001534   0x00000002   Code   RO          170    i.PendSV_Handler    stm32f4xx_it.o
    0x08001536   0x08001536   0x00000002   PAD
    0x08001538   0x08001538   0x00000020   Code   RO          581    i.RCC_AHB1PeriphClockCmd  stm32f4xx_rcc.o
    0x08001558   0x08001558   0x00000020   Code   RO          590    i.RCC_APB1PeriphClockCmd  stm32f4xx_rcc.o
    0x08001578   0x08001578   0x00000020   Code   RO          592    i.RCC_APB1PeriphResetCmd  stm32f4xx_rcc.o
    0x08001598   0x08001598   0x000000e8   Code   RO          602    i.RCC_GetClocksFreq  stm32f4xx_rcc.o
    0x08001680   0x08001680   0x00000002   Code   RO          171    i.SVC_Handler       stm32f4xx_it.o
    0x08001682   0x08001682   0x00000002   PAD
    0x08001684   0x08001684   0x000000ec   Code   RO          261    i.SetSysClock       system_stm32f4xx.o
    0x08001770   0x08001770   0x000000c4   Code   RO           13    i.SysTick_Handler   main.o
    0x08001834   0x08001834   0x00000068   Code   RO          263    i.SystemInit        system_stm32f4xx.o
    0x0800189c   0x0800189c   0x00000088   Code   RO           14    i.System_Configration  main.o
    0x08001924   0x08001924   0x00000060   Code   RO         2518    i.TIM2_Configration  led.o
    0x08001984   0x08001984   0x0000008c   Code   RO         2519    i.TIM2_IRQHandler   led.o
    0x08001a10   0x08001a10   0x0000005c   Code   RO         2601    i.TIM6_Configration  delay.o
    0x08001a6c   0x08001a6c   0x0000002c   Code   RO         2602    i.TIM6_DAC_IRQHandler  delay.o
    0x08001a98   0x08001a98   0x0000005c   Code   RO         2603    i.TIM7_Configration  delay.o
    0x08001af4   0x08001af4   0x0000002c   Code   RO         2604    i.TIM7_IRQHandler   delay.o
    0x08001b20   0x08001b20   0x00000006   Code   RO         1229    i.TIM_ClearITPendingBit  stm32f4xx_tim.o
    0x08001b26   0x08001b26   0x00000018   Code   RO         1234    i.TIM_Cmd           stm32f4xx_tim.o
    0x08001b3e   0x08001b3e   0x00000022   Code   RO         1255    i.TIM_GetITStatus   stm32f4xx_tim.o
    0x08001b60   0x08001b60   0x00000012   Code   RO         1259    i.TIM_ITConfig      stm32f4xx_tim.o
    0x08001b72   0x08001b72   0x00000002   PAD
    0x08001b74   0x08001b74   0x00000084   Code   RO         1306    i.TIM_TimeBaseInit  stm32f4xx_tim.o
    0x08001bf8   0x08001bf8   0x00000154   Code   RO         2462    i.UART5_Configuration  uart5.o
    0x08001d4c   0x08001d4c   0x0000006c   Code   RO         2463    i.UART5_IRQHandler  uart5.o
    0x08001db8   0x08001db8   0x000001b0   Code   RO         2400    i.USART3_Configuration  usart3.o
    0x08001f68   0x08001f68   0x0000006c   Code   RO         2401    i.USART3_IRQHandler  usart3.o
    0x08001fd4   0x08001fd4   0x00000012   Code   RO         1784    i.USART_ClearFlag   stm32f4xx_usart.o
    0x08001fe6   0x08001fe6   0x0000001e   Code   RO         1785    i.USART_ClearITPendingBit  stm32f4xx_usart.o
    0x08002004   0x08002004   0x00000018   Code   RO         1788    i.USART_Cmd         stm32f4xx_usart.o
    0x0800201c   0x0800201c   0x00000012   Code   RO         1789    i.USART_DMACmd      stm32f4xx_usart.o
    0x0800202e   0x0800202e   0x00000054   Code   RO         1792    i.USART_GetITStatus  stm32f4xx_usart.o
    0x08002082   0x08002082   0x0000004a   Code   RO         1794    i.USART_ITConfig    stm32f4xx_usart.o
    0x080020cc   0x080020cc   0x000000d4   Code   RO         1795    i.USART_Init        stm32f4xx_usart.o
    0x080021a0   0x080021a0   0x00000004   Code   RO          172    i.UsageFault_Handler  stm32f4xx_it.o
    0x080021a4   0x080021a4   0x00000040   Code   RO         2226    i.Verify_CRC16_Check_Sum  algorithmofcrc.o
    0x080021e4   0x080021e4   0x0000002e   Code   RO         2227    i.Verify_CRC8_Check_Sum  algorithmofcrc.o
    0x08002212   0x08002212   0x0000000e   Code   RO         2853    i.__scatterload_copy  mc_w.l(handlers.o)
    0x08002220   0x08002220   0x00000002   Code   RO         2854    i.__scatterload_null  mc_w.l(handlers.o)
    0x08002222   0x08002222   0x0000000e   Code   RO         2855    i.__scatterload_zeroinit  mc_w.l(handlers.o)
    0x08002230   0x08002230   0x0000001c   Code   RO         2577    i.byte2float        float2byte.o
    0x0800224c   0x0800224c   0x000002e8   Code   RO         2689    i.chassis_cal       chassis_task.o
    0x08002534   0x08002534   0x000000bc   Code   RO         2294    i.chassis_current_send  can1.o
    0x080025f0   0x080025f0   0x00000010   Code   RO         2690    i.chassis_power_off  chassis_task.o
    0x08002600   0x08002600   0x00000148   Code   RO         2691    i.chassis_task      chassis_task.o
    0x08002748   0x08002748   0x0000002c   Code   RO         2605    i.delay_ms          delay.o
    0x08002774   0x08002774   0x000002f8   Code   RO         2402    i.judge_buf_receive  usart3.o
    0x08002a6c   0x08002a6c   0x00000088   Code   RO         2464    i.key_refresh       uart5.o
    0x08002af4   0x08002af4   0x00000002   Code   RO         2807    i.landing_action    landing_task.o
    0x08002af6   0x08002af6   0x00000008   Code   RO           15    i.main              main.o
    0x08002afe   0x08002afe   0x00000002   PAD
    0x08002b00   0x08002b00   0x00000090   Code   RO         2658    i.offline_detect    state.o
    0x08002b90   0x08002b90   0x00000048   Code   RO         2465    i.rc_reset          uart5.o
    0x08002bd8   0x08002bd8   0x00000130   Code   RO         2466    i.remote_receive    uart5.o
    0x08002d08   0x08002d08   0x00000002   Code   RO         2404    i.return_state      usart3.o
    0x08002d0a   0x08002d0a   0x00000002   PAD
    0x08002d0c   0x08002d0c   0x000000f0   Code   RO         2777    i.solenoid_action   solenoid_task.o
    0x08002dfc   0x08002dfc   0x00000114   Code   RO         2659    i.switch_mode       state.o
    0x08002f10   0x08002f10   0x000000dc   Code   RO         2736    i.track_cal         track_task.o
    0x08002fec   0x08002fec   0x00000078   Code   RO         2295    i.track_current_send  can1.o
    0x08003064   0x08003064   0x00000301   Data   RO         2228    .constdata          algorithmofcrc.o
    0x08003365   0x08003365   0x00000003   PAD
    0x08003368   0x08003368   0x00000020   Data   RO         2851    Region$$Table       anon$$obj.o


    Execution Region RW_IRAM1 (Exec base: 0x20000000, Load base: 0x08003388, Size: 0x000007b8, Max: 0x00020000, ABSOLUTE)

    Exec Addr    Load Addr    Size         Type   Attr      Idx    E Section Name        Object

    0x20000000   0x08003388   0x00000010   Data   RW           17    .data               main.o
    0x20000010   0x08003398   0x00000010   Data   RW          634    .data               stm32f4xx_rcc.o
    0x20000020   0x080033a8   0x00000002   Data   RW         2229    .data               algorithmofcrc.o
    0x20000022   0x080033aa   0x00000002   PAD
    0x20000024   0x080033ac   0x0000000c   Data   RW         2350    .data               can2.o
    0x20000030   0x080033b8   0x00000013   Data   RW         2406    .data               usart3.o
    0x20000043   0x080033cb   0x00000001   PAD
    0x20000044   0x080033cc   0x00000004   Data   RW         2468    .data               uart5.o
    0x20000048   0x080033d0   0x00000004   Data   RW         2520    .data               led.o
    0x2000004c   0x080033d4   0x00000008   Data   RW         2607    .data               delay.o
    0x20000054   0x080033dc   0x0000000c   Data   RW         2694    .data               chassis_task.o
    0x20000060   0x080033e8   0x00000009   Data   RW         2740    .data               track_task.o
    0x20000069   0x080033f1   0x00000003   PAD
    0x2000006c        -       0x00000024   Zero   RW           16    .bss                main.o
    0x20000090        -       0x00000048   Zero   RW         2296    .bss                can1.o
    0x200000d8        -       0x0000003c   Zero   RW         2349    .bss                can2.o
    0x20000114        -       0x00000098   Zero   RW         2405    .bss                usart3.o
    0x200001ac        -       0x00000076   Zero   RW         2467    .bss                uart5.o
    0x20000222   0x080033f1   0x00000002   PAD
    0x20000224        -       0x00000130   Zero   RW         2693    .bss                chassis_task.o
    0x20000354        -       0x00000060   Zero   RW         2739    .bss                track_task.o
    0x200003b4   0x080033f1   0x00000004   PAD
    0x200003b8        -       0x00000400   Zero   RW            1    STACK               startup_stm32f40_41xxx.o


==============================================================================

Image component sizes


      Code (inc. data)   RO Data    RW Data    ZI Data      Debug   Object Name

       198         16        769          2          0       7588   algorithmofcrc.o
      1080         58          0          0         72       4503   can1.o
       912         54          0         12         60       2803   can2.o
      1088         70          0         12        304       2915   chassis_task.o
       316         38          0          8          0       2989   delay.o
        28          0          0          0          0        645   float2byte.o
         2          0          0          0          0        465   landing_task.o
       304         18          0          4          0       1827   led.o
       340         36          0         16         36     328472   main.o
       140         24          0          0          0       1539   misc.o
       188          0          0          0          0        931   pid.o
       240         22          0          0          0        606   solenoid_task.o
        36          8        392          0       1024        876   startup_stm32f40_41xxx.o
       420         26          0          0          0       1275   state.o
      1654         22          0          0          0       7560   stm32f4xx_can.o
       728         72          0          0          0       6981   stm32f4xx_dma.o
       230          0          0          0          0       3449   stm32f4xx_gpio.o
        24          0          0          0          0       3608   stm32f4xx_it.o
       328         36          0         16          0       4675   stm32f4xx_rcc.o
         0          0          0          0          0     246600   stm32f4xx_syscfg.o
       214         28          0          0          0       3686   stm32f4xx_tim.o
       460          8          0          0          0       5561   stm32f4xx_usart.o
       340         32          0          0          0      62225   system_stm32f4xx.o
       220         36          0          9         96       1282   track_task.o
       960         68          0          4        118       4257   uart5.o
      1406         82          0         19        152       5515   usart3.o

    ----------------------------------------------------------------------
     11874        754       1196        108       1868     712833   Object Totals
         0          0         32          0          0          0   (incl. Generated)
        18          0          3          6          6          0   (incl. Padding)

    ----------------------------------------------------------------------

      Code (inc. data)   RO Data    RW Data    ZI Data      Debug   Library Member Name

         0          0          0          0          0          0   entry.o
         0          0          0          0          0          0   entry10a.o
         0          0          0          0          0          0   entry11a.o
         8          4          0          0          0          0   entry2.o
         4          0          0          0          0          0   entry5.o
         0          0          0          0          0          0   entry7b.o
         0          0          0          0          0          0   entry8b.o
         8          4          0          0          0          0   entry9a.o
        30          0          0          0          0          0   handlers.o
        36          8          0          0          0         68   init.o
        36          0          0          0          0         68   memcpya.o

    ----------------------------------------------------------------------
       122         16          0          0          0        136   Library Totals
         0          0          0          0          0          0   (incl. Padding)

    ----------------------------------------------------------------------

      Code (inc. data)   RO Data    RW Data    ZI Data      Debug   Library Name

       122         16          0          0          0        136   mc_w.l

    ----------------------------------------------------------------------
       122         16          0          0          0        136   Library Totals

    ----------------------------------------------------------------------

==============================================================================


      Code (inc. data)   RO Data    RW Data    ZI Data      Debug   

     11996        770       1196        108       1868     704273   Grand Totals
     11996        770       1196        108       1868     704273   ELF Image Totals
     11996        770       1196        108          0          0   ROM Totals

==============================================================================

    Total RO  Size (Code + RO Data)                13192 (  12.88kB)
    Total RW  Size (RW Data + ZI Data)              1976 (   1.93kB)
    Total ROM Size (Code + RO Data + RW Data)      13300 (  12.99kB)

==============================================================================

